Linux 5.15.36-xilinx-v2022.2 (xilinx-zcu102-20222) 	09/01/26 	_aarch64_	(4 CPU)

14:00:35     CPU    %usr   %nice    %sys %iowait    %irq   %soft  %steal  %guest  %gnice   %idle
14:00:36     all   46.23    0.00   14.55    0.00    0.00    0.00    0.00    0.00    0.00   39.22
14:00:36       0   36.17    0.00   10.64    0.00    0.00    0.00    0.00    0.00    0.00   53.19
14:00:36       1   38.38    0.00   19.19    0.00    0.00    0.00    0.00    0.00    0.00   42.42
14:00:36       2   50.53    0.00    7.37    0.00    0.00    0.00    0.00    0.00    0.00   42.11
14:00:36       3   59.79    0.00   20.62    0.00    0.00    0.00    0.00    0.00    0.00   19.59

14:00:36     CPU    %usr   %nice    %sys %iowait    %irq   %soft  %steal  %guest  %gnice   %idle
14:00:37     all   64.95    0.00   11.34    0.00    0.00    0.00    0.00    0.00    0.00   23.71
14:00:37       0   69.07    0.00    7.22    0.00    0.00    0.00    0.00    0.00    0.00   23.71
14:00:37       1   58.33    0.00   15.62    0.00    0.00    0.00    0.00    0.00    0.00   26.04
14:00:37       2   67.01    0.00    9.28    0.00    0.00    0.00    0.00    0.00    0.00   23.71
14:00:37       3   65.31    0.00   13.27    0.00    0.00    0.00    0.00    0.00    0.00   21.43

14:00:37     CPU    %usr   %nice    %sys %iowait    %irq   %soft  %steal  %guest  %gnice   %idle
14:00:38     all   66.92    0.00    7.38    0.00    0.00    0.00    0.00    0.00    0.00   25.70
14:00:38       0   67.01    0.00   10.31    0.00    0.00    0.00    0.00    0.00    0.00   22.68
14:00:38       1   60.82    0.00    9.28    0.00    0.00    0.00    0.00    0.00    0.00   29.90
14:00:38       2   71.00    0.00    5.00    0.00    0.00    0.00    0.00    0.00    0.00   24.00
14:00:38       3   68.69    0.00    5.05    0.00    0.00    0.00    0.00    0.00    0.00   26.26

14:00:38     CPU    %usr   %nice    %sys %iowait    %irq   %soft  %steal  %guest  %gnice   %idle
14:00:39     all   67.70    0.00    8.01    0.00    0.00    0.00    0.00    0.00    0.00   24.29
14:00:39       0   70.10    0.00    6.19    0.00    0.00    0.00    0.00    0.00    0.00   23.71
14:00:39       1   57.29    0.00   17.71    0.00    0.00    0.00    0.00    0.00    0.00   25.00
14:00:39       2   72.16    0.00    4.12    0.00    0.00    0.00    0.00    0.00    0.00   23.71
14:00:39       3   71.13    0.00    4.12    0.00    0.00    0.00    0.00    0.00    0.00   24.74

14:00:39     CPU    %usr   %nice    %sys %iowait    %irq   %soft  %steal  %guest  %gnice   %idle
14:00:40     all   67.10    0.00    8.62    0.00    0.00    0.00    0.00    0.00    0.00   24.28
14:00:40       0   65.62    0.00    8.33    0.00    0.00    0.00    0.00    0.00    0.00   26.04
14:00:40       1   68.75    0.00   10.42    0.00    0.00    0.00    0.00    0.00    0.00   20.83
14:00:40       2   70.53    0.00    4.21    0.00    0.00    0.00    0.00    0.00    0.00   25.26
14:00:40       3   63.54    0.00   11.46    0.00    0.00    0.00    0.00    0.00    0.00   25.00

14:00:40     CPU    %usr   %nice    %sys %iowait    %irq   %soft  %steal  %guest  %gnice   %idle
14:00:41     all   69.31    0.00    7.67    0.00    0.00    0.00    0.00    0.00    0.00   23.02
14:00:41       0   70.10    0.00    8.25    0.00    0.00    0.00    0.00    0.00    0.00   21.65
14:00:41       1   62.89    0.00   12.37    0.00    0.00    0.00    0.00    0.00    0.00   24.74
14:00:41       2   71.43    0.00    6.12    0.00    0.00    0.00    0.00    0.00    0.00   22.45
14:00:41       3   72.73    0.00    4.04    0.00    0.00    0.00    0.00    0.00    0.00   23.23

14:00:41     CPU    %usr   %nice    %sys %iowait    %irq   %soft  %steal  %guest  %gnice   %idle
14:00:42     all   65.09    0.00    9.19    0.00    0.00    0.00    0.00    0.00    0.00   25.72
14:00:42       0   63.83    0.00   11.70    0.00    0.00    0.00    0.00    0.00    0.00   24.47
14:00:42       1   65.26    0.00    8.42    0.00    0.00    0.00    0.00    0.00    0.00   26.32
14:00:42       2   68.42    0.00    7.37    0.00    0.00    0.00    0.00    0.00    0.00   24.21
14:00:42       3   62.89    0.00    9.28    0.00    0.00    0.00    0.00    0.00    0.00   27.84

14:00:42     CPU    %usr   %nice    %sys %iowait    %irq   %soft  %steal  %guest  %gnice   %idle
14:00:43     all   67.77    0.00    9.46    0.00    0.00    0.00    0.00    0.00    0.00   22.76
14:00:43       0   71.13    0.00    9.28    0.00    0.00    0.00    0.00    0.00    0.00   19.59
14:00:43       1   69.39    0.00    9.18    0.00    0.00    0.00    0.00    0.00    0.00   21.43
14:00:43       2   66.67    0.00   11.11    0.00    0.00    0.00    0.00    0.00    0.00   22.22
14:00:43       3   63.92    0.00    8.25    0.00    0.00    0.00    0.00    0.00    0.00   27.84

14:00:43     CPU    %usr   %nice    %sys %iowait    %irq   %soft  %steal  %guest  %gnice   %idle
14:00:44     all   66.75    0.00    9.79    0.00    0.00    0.00    0.00    0.00    0.00   23.45
14:00:44       0   67.37    0.00   10.53    0.00    0.00    0.00    0.00    0.00    0.00   22.11
14:00:44       1   64.65    0.00   13.13    0.00    0.00    0.00    0.00    0.00    0.00   22.22
14:00:44       2   67.68    0.00    7.07    0.00    0.00    0.00    0.00    0.00    0.00   25.25
14:00:44       3   67.37    0.00    8.42    0.00    0.00    0.00    0.00    0.00    0.00   24.21

14:00:44     CPU    %usr   %nice    %sys %iowait    %irq   %soft  %steal  %guest  %gnice   %idle
14:00:45     all   67.69    0.00    8.97    0.00    0.00    0.00    0.00    0.00    0.00   23.33
14:00:45       0   60.42    0.00   13.54    0.00    0.00    0.00    0.00    0.00    0.00   26.04
14:00:45       1   63.64    0.00   10.10    0.00    0.00    0.00    0.00    0.00    0.00   26.26
14:00:45       2   75.51    0.00    6.12    0.00    0.00    0.00    0.00    0.00    0.00   18.37
14:00:45       3   71.13    0.00    6.19    0.00    0.00    0.00    0.00    0.00    0.00   22.68

14:00:45     CPU    %usr   %nice    %sys %iowait    %irq   %soft  %steal  %guest  %gnice   %idle
14:00:46     all   65.89    0.00    7.81    0.00    0.00    0.00    0.00    0.00    0.00   26.30
14:00:46       0   58.95    0.00   15.79    0.00    0.00    0.00    0.00    0.00    0.00   25.26
14:00:46       1   64.58    0.00    6.25    0.00    0.00    0.00    0.00    0.00    0.00   29.17
14:00:46       2   70.41    0.00    5.10    0.00    0.00    0.00    0.00    0.00    0.00   24.49
14:00:46       3   69.47    0.00    4.21    0.00    0.00    0.00    0.00    0.00    0.00   26.32

14:00:46     CPU    %usr   %nice    %sys %iowait    %irq   %soft  %steal  %guest  %gnice   %idle
14:00:47     all   68.38    0.00    9.51    0.00    0.00    0.00    0.00    0.00    0.00   22.11
14:00:47       0   64.58    0.00   11.46    0.00    0.00    0.00    0.00    0.00    0.00   23.96
14:00:47       1   68.37    0.00   12.24    0.00    0.00    0.00    0.00    0.00    0.00   19.39
14:00:47       2   72.45    0.00    8.16    0.00    0.00    0.00    0.00    0.00    0.00   19.39
14:00:47       3   68.04    0.00    6.19    0.00    0.00    0.00    0.00    0.00    0.00   25.77

14:00:47     CPU    %usr   %nice    %sys %iowait    %irq   %soft  %steal  %guest  %gnice   %idle
14:00:48     all   67.01    0.00    7.99    0.00    0.00    0.00    0.00    0.00    0.00   25.00
14:00:48       0   68.42    0.00    9.47    0.00    0.00    0.00    0.00    0.00    0.00   22.11
14:00:48       1   64.89    0.00    7.45    0.00    0.00    0.00    0.00    0.00    0.00   27.66
14:00:48       2   66.00    0.00    8.00    0.00    0.00    0.00    0.00    0.00    0.00   26.00
14:00:48       3   68.69    0.00    7.07    0.00    0.00    0.00    0.00    0.00    0.00   24.24

14:00:48     CPU    %usr   %nice    %sys %iowait    %irq   %soft  %steal  %guest  %gnice   %idle
14:00:49     all   67.87    0.00    7.97    0.00    0.00    0.00    0.00    0.00    0.00   24.16
14:00:49       0   67.35    0.00    8.16    0.00    0.00    0.00    0.00    0.00    0.00   24.49
14:00:49       1   72.63    0.00    4.21    0.00    0.00    0.00    0.00    0.00    0.00   23.16
14:00:49       2   65.98    0.00   10.31    0.00    0.00    0.00    0.00    0.00    0.00   23.71
14:00:49       3   65.66    0.00    9.09    0.00    0.00    0.00    0.00    0.00    0.00   25.25

14:00:49     CPU    %usr   %nice    %sys %iowait    %irq   %soft  %steal  %guest  %gnice   %idle
14:00:50     all   68.78    0.00    7.14    0.00    0.00    0.00    0.00    0.00    0.00   24.07
14:00:50       0   69.15    0.00    6.38    0.00    0.00    0.00    0.00    0.00    0.00   24.47
14:00:50       1   70.53    0.00    6.32    0.00    0.00    0.00    0.00    0.00    0.00   23.16
14:00:50       2   69.07    0.00    7.22    0.00    0.00    0.00    0.00    0.00    0.00   23.71
14:00:50       3   66.30    0.00    8.70    0.00    0.00    0.00    0.00    0.00    0.00   25.00

14:00:50     CPU    %usr   %nice    %sys %iowait    %irq   %soft  %steal  %guest  %gnice   %idle
14:00:51     all   69.77    0.00    6.20    0.00    0.00    0.00    0.00    0.00    0.00   24.03
14:00:51       0   64.58    0.00   10.42    0.00    0.00    0.00    0.00    0.00    0.00   25.00
14:00:51       1   70.10    0.00    4.12    0.00    0.00    0.00    0.00    0.00    0.00   25.77
14:00:51       2   74.23    0.00    4.12    0.00    0.00    0.00    0.00    0.00    0.00   21.65
14:00:51       3   70.10    0.00    6.19    0.00    0.00    0.00    0.00    0.00    0.00   23.71

14:00:51     CPU    %usr   %nice    %sys %iowait    %irq   %soft  %steal  %guest  %gnice   %idle
14:00:52     all   65.97    0.00    7.85    0.00    0.00    0.00    0.00    0.00    0.00   26.18
14:00:52       0   69.47    0.00    8.42    0.00    0.00    0.00    0.00    0.00    0.00   22.11
14:00:52       1   67.01    0.00    7.22    0.00    0.00    0.00    0.00    0.00    0.00   25.77
14:00:52       2   61.70    0.00    8.51    0.00    0.00    0.00    0.00    0.00    0.00   29.79
14:00:52       3   65.62    0.00    7.29    0.00    0.00    0.00    0.00    0.00    0.00   27.08

14:00:52     CPU    %usr   %nice    %sys %iowait    %irq   %soft  %steal  %guest  %gnice   %idle
14:00:53     all   68.29    0.00    9.46    0.00    0.00    0.00    0.00    0.00    0.00   22.25
14:00:53       0   68.42    0.00    9.47    0.00    0.00    0.00    0.00    0.00    0.00   22.11
14:00:53       1   63.92    0.00   13.40    0.00    0.00    0.00    0.00    0.00    0.00   22.68
14:00:53       2   71.00    0.00    7.00    0.00    0.00    0.00    0.00    0.00    0.00   22.00
14:00:53       3   69.70    0.00    8.08    0.00    0.00    0.00    0.00    0.00    0.00   22.22

14:00:53     CPU    %usr   %nice    %sys %iowait    %irq   %soft  %steal  %guest  %gnice   %idle
14:00:54     all   66.15    0.00    9.23    0.00    0.00    0.00    0.00    0.00    0.00   24.62
14:00:54       0   64.65    0.00   12.12    0.00    0.00    0.00    0.00    0.00    0.00   23.23
14:00:54       1   65.62    0.00    6.25    0.00    0.00    0.00    0.00    0.00    0.00   28.12
14:00:54       2   68.37    0.00    7.14    0.00    0.00    0.00    0.00    0.00    0.00   24.49
14:00:54       3   65.98    0.00   11.34    0.00    0.00    0.00    0.00    0.00    0.00   22.68

14:00:54     CPU    %usr   %nice    %sys %iowait    %irq   %soft  %steal  %guest  %gnice   %idle
14:00:55     all   69.61    0.00    7.79    0.00    0.00    0.00    0.00    0.00    0.00   22.60
14:00:55       0   73.40    0.00    4.26    0.00    0.00    0.00    0.00    0.00    0.00   22.34
14:00:55       1   69.79    0.00    6.25    0.00    0.00    0.00    0.00    0.00    0.00   23.96
14:00:55       2   65.98    0.00   10.31    0.00    0.00    0.00    0.00    0.00    0.00   23.71
14:00:55       3   69.39    0.00   10.20    0.00    0.00    0.00    0.00    0.00    0.00   20.41

14:00:55     CPU    %usr   %nice    %sys %iowait    %irq   %soft  %steal  %guest  %gnice   %idle
14:00:56     all   68.72    0.00    8.72    0.00    0.00    0.00    0.00    0.00    0.00   22.56
14:00:56       0   75.76    0.00    3.03    0.00    0.00    0.00    0.00    0.00    0.00   21.21
14:00:56       1   68.04    0.00    7.22    0.00    0.00    0.00    0.00    0.00    0.00   24.74
14:00:56       2   71.13    0.00    7.22    0.00    0.00    0.00    0.00    0.00    0.00   21.65
14:00:56       3   59.79    0.00   17.53    0.00    0.00    0.00    0.00    0.00    0.00   22.68

14:00:56     CPU    %usr   %nice    %sys %iowait    %irq   %soft  %steal  %guest  %gnice   %idle
14:00:57     all   67.79    0.00    8.57    0.00    0.00    0.00    0.00    0.00    0.00   23.64
14:00:57       0   72.63    0.00    4.21    0.00    0.00    0.00    0.00    0.00    0.00   23.16
14:00:57       1   64.95    0.00   10.31    0.00    0.00    0.00    0.00    0.00    0.00   24.74
14:00:57       2   65.26    0.00   10.53    0.00    0.00    0.00    0.00    0.00    0.00   24.21
14:00:57       3   68.37    0.00    9.18    0.00    0.00    0.00    0.00    0.00    0.00   22.45

14:00:57     CPU    %usr   %nice    %sys %iowait    %irq   %soft  %steal  %guest  %gnice   %idle
14:00:58     all   68.07    0.00    6.86    0.00    0.00    0.00    0.00    0.00    0.00   25.07
14:00:58       0   64.89    0.00    9.57    0.00    0.00    0.00    0.00    0.00    0.00   25.53
14:00:58       1   72.92    0.00    3.12    0.00    0.00    0.00    0.00    0.00    0.00   23.96
14:00:58       2   64.89    0.00   10.64    0.00    0.00    0.00    0.00    0.00    0.00   24.47
14:00:58       3   69.47    0.00    4.21    0.00    0.00    0.00    0.00    0.00    0.00   26.32

14:00:58     CPU    %usr   %nice    %sys %iowait    %irq   %soft  %steal  %guest  %gnice   %idle
14:00:59     all   66.41    0.00    8.53    0.00    0.00    0.00    0.00    0.00    0.00   25.06
14:00:59       0   69.07    0.00    5.15    0.00    0.00    0.00    0.00    0.00    0.00   25.77
14:00:59       1   68.75    0.00    6.25    0.00    0.00    0.00    0.00    0.00    0.00   25.00
14:00:59       2   63.27    0.00   12.24    0.00    0.00    0.00    0.00    0.00    0.00   24.49
14:00:59       3   64.58    0.00   10.42    0.00    0.00    0.00    0.00    0.00    0.00   25.00

14:00:59     CPU    %usr   %nice    %sys %iowait    %irq   %soft  %steal  %guest  %gnice   %idle
14:01:00     all   68.30    0.00    7.99    0.00    0.00    0.00    0.00    0.00    0.00   23.71
14:01:00       0   69.07    0.00    7.22    0.00    0.00    0.00    0.00    0.00    0.00   23.71
14:01:00       1   66.67    0.00    8.33    0.00    0.00    0.00    0.00    0.00    0.00   25.00
14:01:00       2   68.69    0.00    8.08    0.00    0.00    0.00    0.00    0.00    0.00   23.23
14:01:00       3   68.75    0.00    8.33    0.00    0.00    0.00    0.00    0.00    0.00   22.92

14:01:00     CPU    %usr   %nice    %sys %iowait    %irq   %soft  %steal  %guest  %gnice   %idle
14:01:01     all   66.67    0.00    8.92    0.00    0.00    0.00    0.00    0.00    0.00   24.41
14:01:01       0   64.89    0.00   10.64    0.00    0.00    0.00    0.00    0.00    0.00   24.47
14:01:01       1   67.37    0.00    5.26    0.00    0.00    0.00    0.00    0.00    0.00   27.37
14:01:01       2   70.83    0.00    9.38    0.00    0.00    0.00    0.00    0.00    0.00   19.79
14:01:01       3   63.54    0.00   10.42    0.00    0.00    0.00    0.00    0.00    0.00   26.04

14:01:01     CPU    %usr   %nice    %sys %iowait    %irq   %soft  %steal  %guest  %gnice   %idle
14:01:02     all   67.88    0.00    8.55    0.00    0.00    0.00    0.00    0.00    0.00   23.58
14:01:02       0   67.71    0.00    8.33    0.00    0.00    0.00    0.00    0.00    0.00   23.96
14:01:02       1   70.10    0.00    8.25    0.00    0.00    0.00    0.00    0.00    0.00   21.65
14:01:02       2   69.57    0.00    5.43    0.00    0.00    0.00    0.00    0.00    0.00   25.00
14:01:02       3   64.36    0.00   11.88    0.00    0.00    0.00    0.00    0.00    0.00   23.76

14:01:02     CPU    %usr   %nice    %sys %iowait    %irq   %soft  %steal  %guest  %gnice   %idle
14:01:03     all   67.53    0.00    7.79    0.00    0.00    0.00    0.00    0.00    0.00   24.68
14:01:03       0   68.75    0.00    7.29    0.00    0.00    0.00    0.00    0.00    0.00   23.96
14:01:03       1   69.15    0.00    5.32    0.00    0.00    0.00    0.00    0.00    0.00   25.53
14:01:03       2   67.01    0.00    8.25    0.00    0.00    0.00    0.00    0.00    0.00   24.74
14:01:03       3   65.31    0.00   10.20    0.00    0.00    0.00    0.00    0.00    0.00   24.49

14:01:03     CPU    %usr   %nice    %sys %iowait    %irq   %soft  %steal  %guest  %gnice   %idle
14:01:04     all   66.40    0.00    9.19    0.00    0.00    0.00    0.00    0.00    0.00   24.41
14:01:04       0   69.79    0.00    8.33    0.00    0.00    0.00    0.00    0.00    0.00   21.88
14:01:04       1   68.00    0.00    8.00    0.00    0.00    0.00    0.00    0.00    0.00   24.00
14:01:04       2   63.16    0.00   11.58    0.00    0.00    0.00    0.00    0.00    0.00   25.26
14:01:04       3   64.44    0.00    8.89    0.00    0.00    0.00    0.00    0.00    0.00   26.67

14:01:04     CPU    %usr   %nice    %sys %iowait    %irq   %soft  %steal  %guest  %gnice   %idle
14:01:05     all   67.27    0.00    7.22    0.00    0.00    0.00    0.00    0.00    0.00   25.52
14:01:05       0   67.71    0.00    6.25    0.00    0.00    0.00    0.00    0.00    0.00   26.04
14:01:05       1   67.01    0.00    6.19    0.00    0.00    0.00    0.00    0.00    0.00   26.80
14:01:05       2   69.79    0.00    7.29    0.00    0.00    0.00    0.00    0.00    0.00   22.92
14:01:05       3   64.65    0.00    9.09    0.00    0.00    0.00    0.00    0.00    0.00   26.26

14:01:05     CPU    %usr   %nice    %sys %iowait    %irq   %soft  %steal  %guest  %gnice   %idle
14:01:06     all   65.64    0.00   10.00    0.00    0.00    0.00    0.00    0.00    0.00   24.36
14:01:06       0   69.07    0.00    8.25    0.00    0.00    0.00    0.00    0.00    0.00   22.68
14:01:06       1   63.92    0.00   11.34    0.00    0.00    0.00    0.00    0.00    0.00   24.74
14:01:06       2   65.66    0.00   11.11    0.00    0.00    0.00    0.00    0.00    0.00   23.23
14:01:06       3   63.92    0.00    9.28    0.00    0.00    0.00    0.00    0.00    0.00   26.80

14:01:06     CPU    %usr   %nice    %sys %iowait    %irq   %soft  %steal  %guest  %gnice   %idle
14:01:07     all   66.32    0.00    7.57    0.00    0.00    0.00    0.00    0.00    0.00   26.11
14:01:07       0   62.37    0.00   10.75    0.00    0.00    0.00    0.00    0.00    0.00   26.88
14:01:07       1   70.83    0.00    2.08    0.00    0.00    0.00    0.00    0.00    0.00   27.08
14:01:07       2   67.01    0.00    7.22    0.00    0.00    0.00    0.00    0.00    0.00   25.77
14:01:07       3   64.95    0.00   10.31    0.00    0.00    0.00    0.00    0.00    0.00   24.74

14:01:07     CPU    %usr   %nice    %sys %iowait    %irq   %soft  %steal  %guest  %gnice   %idle
14:01:08     all   68.11    0.00    9.18    0.00    0.00    0.00    0.00    0.00    0.00   22.70
14:01:08       0   64.95    0.00   12.37    0.00    0.00    0.00    0.00    0.00    0.00   22.68
14:01:08       1   69.39    0.00   10.20    0.00    0.00    0.00    0.00    0.00    0.00   20.41
14:01:08       2   69.70    0.00    8.08    0.00    0.00    0.00    0.00    0.00    0.00   22.22
14:01:08       3   68.37    0.00    6.12    0.00    0.00    0.00    0.00    0.00    0.00   25.51

14:01:08     CPU    %usr   %nice    %sys %iowait    %irq   %soft  %steal  %guest  %gnice   %idle
14:01:09     all   65.71    0.00    8.05    0.00    0.00    0.00    0.00    0.00    0.00   26.23
14:01:09       0   64.95    0.00    6.19    0.00    0.00    0.00    0.00    0.00    0.00   28.87
14:01:09       1   66.67    0.00    6.25    0.00    0.00    0.00    0.00    0.00    0.00   27.08
14:01:09       2   72.92    0.00    4.17    0.00    0.00    0.00    0.00    0.00    0.00   22.92
14:01:09       3   58.33    0.00   15.62    0.00    0.00    0.00    0.00    0.00    0.00   26.04

14:01:09     CPU    %usr   %nice    %sys %iowait    %irq   %soft  %steal  %guest  %gnice   %idle
14:01:10     all   67.01    0.00    8.31    0.00    0.00    0.00    0.00    0.00    0.00   24.68
14:01:10       0   65.98    0.00    7.22    0.00    0.00    0.00    0.00    0.00    0.00   26.80
14:01:10       1   63.92    0.00   10.31    0.00    0.00    0.00    0.00    0.00    0.00   25.77
14:01:10       2   69.07    0.00    8.25    0.00    0.00    0.00    0.00    0.00    0.00   22.68
14:01:10       3   69.15    0.00    7.45    0.00    0.00    0.00    0.00    0.00    0.00   23.40

14:01:10     CPU    %usr   %nice    %sys %iowait    %irq   %soft  %steal  %guest  %gnice   %idle
14:01:11     all   66.14    0.00    6.82    0.00    0.00    0.00    0.00    0.00    0.00   27.03
14:01:11       0   70.21    0.00    5.32    0.00    0.00    0.00    0.00    0.00    0.00   24.47
14:01:11       1   66.33    0.00    8.16    0.00    0.00    0.00    0.00    0.00    0.00   25.51
14:01:11       2   63.16    0.00    9.47    0.00    0.00    0.00    0.00    0.00    0.00   27.37
14:01:11       3   64.89    0.00    4.26    0.00    0.00    0.00    0.00    0.00    0.00   30.85

14:01:11     CPU    %usr   %nice    %sys %iowait    %irq   %soft  %steal  %guest  %gnice   %idle
14:01:12     all   59.74    0.00    7.27    0.00    0.00    0.00    0.00    0.00    0.00   32.99
14:01:12       0   55.67    0.00    8.25    0.00    0.00    0.00    0.00    0.00    0.00   36.08
14:01:12       1   61.46    0.00    7.29    0.00    0.00    0.00    0.00    0.00    0.00   31.25
14:01:12       2   60.82    0.00    4.12    0.00    0.00    0.00    0.00    0.00    0.00   35.05
14:01:12       3   61.05    0.00    9.47    0.00    0.00    0.00    0.00    0.00    0.00   29.47

14:01:12     CPU    %usr   %nice    %sys %iowait    %irq   %soft  %steal  %guest  %gnice   %idle
14:01:13     all    0.75    0.00    2.50    0.00    0.00    0.00    0.00    0.00    0.00   96.75
14:01:13       0    0.00    0.00    0.99    0.00    0.00    0.00    0.00    0.00    0.00   99.01
14:01:13       1    0.00    0.00    0.00    0.00    0.00    0.00    0.00    0.00    0.00  100.00
14:01:13       2    2.00    0.00    3.00    0.00    0.00    0.00    0.00    0.00    0.00   95.00
14:01:13       3    1.01    0.00    6.06    0.00    0.00    0.00    0.00    0.00    0.00   92.93

Average:     CPU    %usr   %nice    %sys %iowait    %irq   %soft  %steal  %guest  %gnice   %idle
Average:     all   64.73    0.00    8.37    0.00    0.00    0.00    0.00    0.00    0.00   26.91
Average:       0   64.49    0.00    8.44    0.00    0.00    0.00    0.00    0.00    0.00   27.07
Average:       1   63.93    0.00    8.51    0.00    0.00    0.00    0.00    0.00    0.00   27.56
Average:       2   66.02    0.00    7.62    0.00    0.00    0.00    0.00    0.00    0.00   26.36
Average:       3   64.45    0.00    8.89    0.00    0.00    0.00    0.00    0.00    0.00   26.65
