Linux 5.15.36-xilinx-v2022.2 (xilinx-zcu102-20222) 	09/01/26 	_aarch64_	(4 CPU)

# Time        UID       PID    %usr %system  %guest   %wait    %CPU   CPU  Command
14:00:36        0   1692679  179.00   52.00    0.00    0.00  231.00     3  stream_pipeline
14:00:37        0   1692679  259.00   42.00    0.00    0.00  301.00     3  stream_pipeline
14:00:38        0   1692679  265.00   28.00    0.00    0.00  293.00     3  stream_pipeline
14:00:39        0   1692679  270.00   30.00    0.00    0.00  300.00     3  stream_pipeline
14:00:40        0   1692679  266.00   32.00    0.00    0.00  298.00     3  stream_pipeline
14:00:41        0   1692679  275.00   28.00    0.00    0.00  303.00     3  stream_pipeline
14:00:42        0   1692679  260.40   35.64    0.00    0.00  296.04     3  stream_pipeline
14:00:43        0   1692679  269.00   34.00    0.00    0.00  303.00     3  stream_pipeline
14:00:44        0   1692679  262.00   37.00    0.00    0.00  299.00     3  stream_pipeline
14:00:45        0   1692679  269.00   36.00    0.00    0.00  305.00     3  stream_pipeline
14:00:46        0   1692679  260.00   30.00    0.00    0.00  290.00     3  stream_pipeline
14:00:47        0   1692679  272.00   36.00    0.00    0.00  308.00     3  stream_pipeline
14:00:48        0   1692679  270.00   28.00    0.00    0.00  298.00     3  stream_pipeline
14:00:49        0   1692679  267.00   32.00    0.00    0.00  299.00     3  stream_pipeline
14:00:50        0   1692679  274.00   27.00    0.00    0.00  301.00     3  stream_pipeline
14:00:51        0   1692679  275.00   25.00    0.00    0.00  300.00     3  stream_pipeline
14:00:52        0   1692679  265.00   29.00    0.00    0.00  294.00     3  stream_pipeline
14:00:53        0   1692679  271.00   37.00    0.00    0.00  308.00     3  stream_pipeline
14:00:54        0   1692679  263.00   35.00    0.00    0.00  298.00     3  stream_pipeline
14:00:55        0   1692679  274.00   30.00    0.00    0.00  304.00     3  stream_pipeline
14:00:56        0   1692679  275.00   32.00    0.00    0.00  307.00     3  stream_pipeline
14:00:57        0   1692679  269.00   33.00    0.00    0.00  302.00     3  stream_pipeline
14:00:58        0   1692679  270.00   27.00    0.00    0.00  297.00     3  stream_pipeline
14:00:59        0   1692679  264.00   33.00    0.00    0.00  297.00     3  stream_pipeline
14:01:00        0   1692679  272.00   29.00    0.00    0.00  301.00     3  stream_pipeline
14:01:01        0   1692679  267.00   33.00    0.00    0.00  300.00     3  stream_pipeline
14:01:02        0   1692679  272.00   31.00    0.00    0.00  303.00     3  stream_pipeline
14:01:03        0   1692679  267.33   29.70    0.00    0.00  297.03     3  stream_pipeline
14:01:04        0   1692679  267.00   33.00    0.00    0.00  300.00     3  stream_pipeline
14:01:05        0   1692679  267.00   27.00    0.00    0.00  294.00     3  stream_pipeline
14:01:06        0   1692679  263.00   37.00    0.00    0.00  300.00     3  stream_pipeline
14:01:07        0   1692679  262.00   29.00    0.00    0.00  291.00     3  stream_pipeline
14:01:08        0   1692679  269.00   35.00    0.00    0.00  304.00     3  stream_pipeline
14:01:09        0   1692679  263.00   30.00    0.00    0.00  293.00     3  stream_pipeline
14:01:10        0   1692679  265.00   32.00    0.00    0.00  297.00     3  stream_pipeline
14:01:11        0   1692679  266.34   25.74    0.00    0.00  292.08     3  stream_pipeline
14:01:12        0   1692679  227.00   30.00    0.00    0.00  257.00     3  stream_pipeline
