Linux 5.15.36-xilinx-v2022.2 (xilinx-zcu102-20222) 	09/06/26 	_aarch64_	(4 CPU)

# Time        UID       PID    %usr %system  %guest   %wait    %CPU   CPU  Command
15:13:25        0   1742160    3.92    0.00    0.00    0.00    3.92     2  stream_pipeline

# Time        UID       PID    %usr %system  %guest   %wait    %CPU   CPU  Command
15:13:26        0   1742160   59.00   40.00    0.00    2.00   99.00     3  stream_pipeline

# Time        UID       PID    %usr %system  %guest   %wait    %CPU   CPU  Command
15:13:27        0   1742160  295.00   57.00    0.00    0.00  352.00     3  stream_pipeline

# Time        UID       PID    %usr %system  %guest   %wait    %CPU   CPU  Command
15:13:28        0   1742160  300.00   38.00    0.00    0.00  338.00     3  stream_pipeline

# Time        UID       PID    %usr %system  %guest   %wait    %CPU   CPU  Command
15:13:29        0   1742160  296.00   30.00    0.00    0.00  326.00     3  stream_pipeline

# Time        UID       PID    %usr %system  %guest   %wait    %CPU   CPU  Command
15:13:30        0   1742160  277.00   30.00    0.00    0.00  307.00     3  stream_pipeline

# Time        UID       PID    %usr %system  %guest   %wait    %CPU   CPU  Command
15:13:31        0   1742160  315.00   25.00    0.00    0.00  340.00     3  stream_pipeline

# Time        UID       PID    %usr %system  %guest   %wait    %CPU   CPU  Command
15:13:32        0   1742160  287.00   35.00    0.00    0.00  322.00     3  stream_pipeline

# Time        UID       PID    %usr %system  %guest   %wait    %CPU   CPU  Command
15:13:33        0   1742160  298.00   24.00    0.00    0.00  322.00     3  stream_pipeline

# Time        UID       PID    %usr %system  %guest   %wait    %CPU   CPU  Command
15:13:34        0   1742160  301.00   26.00    0.00    0.00  327.00     3  stream_pipeline

# Time        UID       PID    %usr %system  %guest   %wait    %CPU   CPU  Command
15:13:35        0   1742160  311.00   32.00    0.00    0.00  343.00     3  stream_pipeline

# Time        UID       PID    %usr %system  %guest   %wait    %CPU   CPU  Command
15:13:36        0   1742160  303.00   30.00    0.00    0.00  333.00     3  stream_pipeline

# Time        UID       PID    %usr %system  %guest   %wait    %CPU   CPU  Command
15:13:37        0   1742160  289.11   27.72    0.00    0.00  316.83     3  stream_pipeline

# Time        UID       PID    %usr %system  %guest   %wait    %CPU   CPU  Command
15:13:38        0   1742160  320.00   30.00    0.00    0.00  350.00     3  stream_pipeline

# Time        UID       PID    %usr %system  %guest   %wait    %CPU   CPU  Command
15:13:39        0   1742160  292.00   25.00    0.00    0.00  317.00     3  stream_pipeline

# Time        UID       PID    %usr %system  %guest   %wait    %CPU   CPU  Command
15:13:40        0   1742160  341.00   25.00    0.00    0.00  366.00     3  stream_pipeline

# Time        UID       PID    %usr %system  %guest   %wait    %CPU   CPU  Command
15:13:41        0   1742160  304.00   31.00    0.00    0.00  335.00     3  stream_pipeline

# Time        UID       PID    %usr %system  %guest   %wait    %CPU   CPU  Command
15:13:42        0   1742160  313.00   32.00    0.00    0.00  345.00     3  stream_pipeline

# Time        UID       PID    %usr %system  %guest   %wait    %CPU   CPU  Command
15:13:43        0   1742160  265.00   29.00    0.00    0.00  294.00     3  stream_pipeline

# Time        UID       PID    %usr %system  %guest   %wait    %CPU   CPU  Command
15:13:44        0   1742160  313.00   31.00    0.00    0.00  344.00     3  stream_pipeline

# Time        UID       PID    %usr %system  %guest   %wait    %CPU   CPU  Command
15:13:45        0   1742160  297.00   20.00    0.00    0.00  317.00     3  stream_pipeline

# Time        UID       PID    %usr %system  %guest   %wait    %CPU   CPU  Command
15:13:46        0   1742160  321.00   27.00    0.00    0.00  348.00     3  stream_pipeline

# Time        UID       PID    %usr %system  %guest   %wait    %CPU   CPU  Command
15:13:47        0   1742160  304.00   34.00    0.00    0.00  338.00     3  stream_pipeline

# Time        UID       PID    %usr %system  %guest   %wait    %CPU   CPU  Command
15:13:48        0   1742160  287.00   36.00    0.00    0.00  323.00     3  stream_pipeline

# Time        UID       PID    %usr %system  %guest   %wait    %CPU   CPU  Command
15:13:49        0   1742160  321.00   37.00    0.00    0.00  358.00     3  stream_pipeline

# Time        UID       PID    %usr %system  %guest   %wait    %CPU   CPU  Command
15:13:50        0   1742160  290.00   26.00    0.00    0.00  316.00     3  stream_pipeline

# Time        UID       PID    %usr %system  %guest   %wait    %CPU   CPU  Command
15:13:51        0   1742160  297.00   35.00    0.00    0.00  332.00     3  stream_pipeline

# Time        UID       PID    %usr %system  %guest   %wait    %CPU   CPU  Command
15:13:52        0   1742160  308.00   31.00    0.00    0.00  339.00     3  stream_pipeline

# Time        UID       PID    %usr %system  %guest   %wait    %CPU   CPU  Command
15:13:53        0   1742160  284.16   29.70    0.00    0.00  313.86     3  stream_pipeline

# Time        UID       PID    %usr %system  %guest   %wait    %CPU   CPU  Command
15:13:54        0   1742160  298.00   29.00    0.00    0.00  327.00     3  stream_pipeline

# Time        UID       PID    %usr %system  %guest   %wait    %CPU   CPU  Command
15:13:55        0   1742160  319.00   28.00    0.00    0.00  347.00     3  stream_pipeline

# Time        UID       PID    %usr %system  %guest   %wait    %CPU   CPU  Command
15:13:56        0   1742160  290.00   23.00    0.00    0.00  313.00     3  stream_pipeline

# Time        UID       PID    %usr %system  %guest   %wait    %CPU   CPU  Command
15:13:57        0   1742160  306.00   30.00    0.00    0.00  336.00     3  stream_pipeline

# Time        UID       PID    %usr %system  %guest   %wait    %CPU   CPU  Command
15:13:58        0   1742160  307.00   28.00    0.00    0.00  335.00     3  stream_pipeline

# Time        UID       PID    %usr %system  %guest   %wait    %CPU   CPU  Command
15:13:59        0   1742160  293.00   30.00    0.00    0.00  323.00     3  stream_pipeline

# Time        UID       PID    %usr %system  %guest   %wait    %CPU   CPU  Command
15:14:00        0   1742160  302.00   29.00    0.00    0.00  331.00     3  stream_pipeline

# Time        UID       PID    %usr %system  %guest   %wait    %CPU   CPU  Command
15:14:01        0   1742160  323.00   33.00    0.00    0.00  356.00     3  stream_pipeline

# Time        UID       PID    %usr %system  %guest   %wait    %CPU   CPU  Command
15:14:02        0   1742160  284.00   21.00    0.00    0.00  305.00     3  stream_pipeline

# Time        UID       PID    %usr %system  %guest   %wait    %CPU   CPU  Command
15:14:03        0   1742160  304.00   31.00    0.00    0.00  335.00     3  stream_pipeline

# Time        UID       PID    %usr %system  %guest   %wait    %CPU   CPU  Command
15:14:04        0   1742160  290.00   26.00    0.00    0.00  316.00     3  stream_pipeline

# Time        UID       PID    %usr %system  %guest   %wait    %CPU   CPU  Command
15:14:05        0   1742160  306.00   32.00    0.00    0.00  338.00     3  stream_pipeline

# Time        UID       PID    %usr %system  %guest   %wait    %CPU   CPU  Command
15:14:06        0   1742160  297.00   28.00    0.00    0.00  325.00     3  stream_pipeline

# Time        UID       PID    %usr %system  %guest   %wait    %CPU   CPU  Command
15:14:07        0   1742160  330.00   27.00    0.00    0.00  357.00     3  stream_pipeline

# Time        UID       PID    %usr %system  %guest   %wait    %CPU   CPU  Command
15:14:08        0   1742160  287.00   32.00    0.00    0.00  319.00     3  stream_pipeline

# Time        UID       PID    %usr %system  %guest   %wait    %CPU   CPU  Command
15:14:09        0   1742160  324.00   34.00    0.00    0.00  358.00     3  stream_pipeline

# Time        UID       PID    %usr %system  %guest   %wait    %CPU   CPU  Command
15:14:10        0   1742160  279.00   32.00    0.00    0.00  311.00     3  stream_pipeline

# Time        UID       PID    %usr %system  %guest   %wait    %CPU   CPU  Command
15:14:11        0   1742160  314.00   31.00    0.00    0.00  345.00     3  stream_pipeline

# Time        UID       PID    %usr %system  %guest   %wait    %CPU   CPU  Command
15:14:12        0   1742160  286.14   28.71    0.00    0.00  314.85     3  stream_pipeline

# Time        UID       PID    %usr %system  %guest   %wait    %CPU   CPU  Command
15:14:13        0   1742160  310.00   25.00    0.00    0.00  335.00     3  stream_pipeline

# Time        UID       PID    %usr %system  %guest   %wait    %CPU   CPU  Command
15:14:14        0   1742160  289.00   31.00    0.00    0.00  320.00     3  stream_pipeline

# Time        UID       PID    %usr %system  %guest   %wait    %CPU   CPU  Command
15:14:15        0   1742160  311.00   27.00    0.00    0.00  338.00     3  stream_pipeline

# Time        UID       PID    %usr %system  %guest   %wait    %CPU   CPU  Command
15:14:16        0   1742160  282.00   25.00    0.00    0.00  307.00     3  stream_pipeline

# Time        UID       PID    %usr %system  %guest   %wait    %CPU   CPU  Command

# Time        UID       PID    %usr %system  %guest   %wait    %CPU   CPU  Command
