Linux 5.15.36-xilinx-v2022.2 (xilinx-zcu102-20222) 	09/01/26 	_aarch64_	(4 CPU)

14:03:12     CPU    %usr   %nice    %sys %iowait    %irq   %soft  %steal  %guest  %gnice   %idle
14:03:13     all   23.72    0.00   18.11    0.00    0.00    0.00    0.00    0.00    0.00   58.16
14:03:13       0    0.00    0.00    1.05    0.00    0.00    0.00    0.00    0.00    0.00   98.95
14:03:13       1   69.00    0.00   31.00    0.00    0.00    0.00    0.00    0.00    0.00    0.00
14:03:13       2   24.74    0.00   40.21    0.00    0.00    0.00    0.00    0.00    0.00   35.05
14:03:13       3    0.00    0.00    0.00    0.00    0.00    0.00    0.00    0.00    0.00  100.00

14:03:13     CPU    %usr   %nice    %sys %iowait    %irq   %soft  %steal  %guest  %gnice   %idle
14:03:14     all   58.70    0.00   15.06    0.00    0.00    0.00    0.00    0.00    0.00   26.23
14:03:14       0   57.89    0.00   15.79    0.00    0.00    0.00    0.00    0.00    0.00   26.32
14:03:14       1   59.79    0.00   20.62    0.00    0.00    0.00    0.00    0.00    0.00   19.59
14:03:14       2   58.76    0.00   11.34    0.00    0.00    0.00    0.00    0.00    0.00   29.90
14:03:14       3   58.33    0.00   12.50    0.00    0.00    0.00    0.00    0.00    0.00   29.17

14:03:14     CPU    %usr   %nice    %sys %iowait    %irq   %soft  %steal  %guest  %gnice   %idle
14:03:15     all   73.74    0.00   11.36    0.00    0.00    0.00    0.00    0.00    0.00   14.90
14:03:15       0   82.29    0.00    2.08    0.00    0.00    0.00    0.00    0.00    0.00   15.62
14:03:15       1   74.26    0.00    9.90    0.00    0.00    0.00    0.00    0.00    0.00   15.84
14:03:15       2   72.45    0.00   14.29    0.00    0.00    0.00    0.00    0.00    0.00   13.27
14:03:15       3   66.34    0.00   18.81    0.00    0.00    0.00    0.00    0.00    0.00   14.85

14:03:15     CPU    %usr   %nice    %sys %iowait    %irq   %soft  %steal  %guest  %gnice   %idle
14:03:16     all   77.78    0.00    8.84    0.00    0.00    0.00    0.00    0.00    0.00   13.38
14:03:16       0   79.59    0.00    6.12    0.00    0.00    0.00    0.00    0.00    0.00   14.29
14:03:16       1   80.41    0.00    9.28    0.00    0.00    0.00    0.00    0.00    0.00   10.31
14:03:16       2   67.65    0.00   17.65    0.00    0.00    0.00    0.00    0.00    0.00   14.71
14:03:16       3   83.84    0.00    2.02    0.00    0.00    0.00    0.00    0.00    0.00   14.14

14:03:16     CPU    %usr   %nice    %sys %iowait    %irq   %soft  %steal  %guest  %gnice   %idle
14:03:17     all   76.15    0.00    7.18    0.00    0.00    0.00    0.00    0.00    0.00   16.67
14:03:17       0   77.32    0.00    8.25    0.00    0.00    0.00    0.00    0.00    0.00   14.43
14:03:17       1   79.17    0.00    3.12    0.00    0.00    0.00    0.00    0.00    0.00   17.71
14:03:17       2   78.57    0.00    4.08    0.00    0.00    0.00    0.00    0.00    0.00   17.35
14:03:17       3   69.70    0.00   13.13    0.00    0.00    0.00    0.00    0.00    0.00   17.17

14:03:17     CPU    %usr   %nice    %sys %iowait    %irq   %soft  %steal  %guest  %gnice   %idle
14:03:18     all   77.58    0.00    6.70    0.00    0.00    0.00    0.00    0.00    0.00   15.72
14:03:18       0   77.32    0.00    6.19    0.00    0.00    0.00    0.00    0.00    0.00   16.49
14:03:18       1   73.47    0.00   13.27    0.00    0.00    0.00    0.00    0.00    0.00   13.27
14:03:18       2   79.17    0.00    5.21    0.00    0.00    0.00    0.00    0.00    0.00   15.62
14:03:18       3   80.41    0.00    2.06    0.00    0.00    0.00    0.00    0.00    0.00   17.53

14:03:18     CPU    %usr   %nice    %sys %iowait    %irq   %soft  %steal  %guest  %gnice   %idle
14:03:19     all   75.89    0.00    9.64    0.00    0.00    0.00    0.00    0.00    0.00   14.47
14:03:19       0   73.53    0.00   11.76    0.00    0.00    0.00    0.00    0.00    0.00   14.71
14:03:19       1   81.82    0.00    6.06    0.00    0.00    0.00    0.00    0.00    0.00   12.12
14:03:19       2   68.75    0.00   13.54    0.00    0.00    0.00    0.00    0.00    0.00   17.71
14:03:19       3   79.38    0.00    7.22    0.00    0.00    0.00    0.00    0.00    0.00   13.40

14:03:19     CPU    %usr   %nice    %sys %iowait    %irq   %soft  %steal  %guest  %gnice   %idle
14:03:20     all   78.06    0.00    7.40    0.00    0.00    0.00    0.00    0.00    0.00   14.54
14:03:20       0   78.35    0.00    8.25    0.00    0.00    0.00    0.00    0.00    0.00   13.40
14:03:20       1   82.65    0.00    5.10    0.00    0.00    0.00    0.00    0.00    0.00   12.24
14:03:20       2   81.63    0.00    2.04    0.00    0.00    0.00    0.00    0.00    0.00   16.33
14:03:20       3   69.70    0.00   14.14    0.00    0.00    0.00    0.00    0.00    0.00   16.16

14:03:20     CPU    %usr   %nice    %sys %iowait    %irq   %soft  %steal  %guest  %gnice   %idle
14:03:21     all   75.06    0.00    9.00    0.00    0.00    0.00    0.00    0.00    0.00   15.94
14:03:21       0   71.28    0.00    9.57    0.00    0.00    0.00    0.00    0.00    0.00   19.15
14:03:21       1   79.80    0.00    8.08    0.00    0.00    0.00    0.00    0.00    0.00   12.12
14:03:21       2   72.00    0.00   12.00    0.00    0.00    0.00    0.00    0.00    0.00   16.00
14:03:21       3   77.08    0.00    6.25    0.00    0.00    0.00    0.00    0.00    0.00   16.67

14:03:21     CPU    %usr   %nice    %sys %iowait    %irq   %soft  %steal  %guest  %gnice   %idle
14:03:22     all   77.39    0.00    8.04    0.00    0.00    0.00    0.00    0.00    0.00   14.57
14:03:22       0   73.27    0.00   11.88    0.00    0.00    0.00    0.00    0.00    0.00   14.85
14:03:22       1   82.00    0.00    6.00    0.00    0.00    0.00    0.00    0.00    0.00   12.00
14:03:22       2   77.78    0.00    6.06    0.00    0.00    0.00    0.00    0.00    0.00   16.16
14:03:22       3   76.53    0.00    8.16    0.00    0.00    0.00    0.00    0.00    0.00   15.31

14:03:22     CPU    %usr   %nice    %sys %iowait    %irq   %soft  %steal  %guest  %gnice   %idle
14:03:23     all   79.18    0.00    7.20    0.00    0.00    0.00    0.00    0.00    0.00   13.62
14:03:23       0   83.67    0.00    6.12    0.00    0.00    0.00    0.00    0.00    0.00   10.20
14:03:23       1   82.65    0.00    2.04    0.00    0.00    0.00    0.00    0.00    0.00   15.31
14:03:23       2   78.35    0.00    6.19    0.00    0.00    0.00    0.00    0.00    0.00   15.46
14:03:23       3   71.88    0.00   14.58    0.00    0.00    0.00    0.00    0.00    0.00   13.54

14:03:23     CPU    %usr   %nice    %sys %iowait    %irq   %soft  %steal  %guest  %gnice   %idle
14:03:24     all   77.18    0.00    9.23    0.00    0.00    0.00    0.00    0.00    0.00   13.59
14:03:24       0   78.35    0.00    9.28    0.00    0.00    0.00    0.00    0.00    0.00   12.37
14:03:24       1   87.76    0.00    2.04    0.00    0.00    0.00    0.00    0.00    0.00   10.20
14:03:24       2   74.23    0.00   12.37    0.00    0.00    0.00    0.00    0.00    0.00   13.40
14:03:24       3   68.37    0.00   13.27    0.00    0.00    0.00    0.00    0.00    0.00   18.37

14:03:24     CPU    %usr   %nice    %sys %iowait    %irq   %soft  %steal  %guest  %gnice   %idle
14:03:25     all   76.28    0.00    7.65    0.00    0.00    0.00    0.00    0.00    0.00   16.07
14:03:25       0   81.44    0.00    4.12    0.00    0.00    0.00    0.00    0.00    0.00   14.43
14:03:25       1   73.74    0.00   10.10    0.00    0.00    0.00    0.00    0.00    0.00   16.16
14:03:25       2   74.49    0.00    7.14    0.00    0.00    0.00    0.00    0.00    0.00   18.37
14:03:25       3   75.51    0.00    9.18    0.00    0.00    0.00    0.00    0.00    0.00   15.31

14:03:25     CPU    %usr   %nice    %sys %iowait    %irq   %soft  %steal  %guest  %gnice   %idle
14:03:26     all   78.32    0.00    7.40    0.00    0.00    0.00    0.00    0.00    0.00   14.29
14:03:26       0   75.00    0.00   10.00    0.00    0.00    0.00    0.00    0.00    0.00   15.00
14:03:26       1   81.25    0.00    5.21    0.00    0.00    0.00    0.00    0.00    0.00   13.54
14:03:26       2   76.77    0.00    9.09    0.00    0.00    0.00    0.00    0.00    0.00   14.14
14:03:26       3   80.41    0.00    5.15    0.00    0.00    0.00    0.00    0.00    0.00   14.43

14:03:26     CPU    %usr   %nice    %sys %iowait    %irq   %soft  %steal  %guest  %gnice   %idle
14:03:27     all   73.72    0.00   10.46    0.00    0.00    0.00    0.00    0.00    0.00   15.82
14:03:27       0   61.86    0.00   19.59    0.00    0.00    0.00    0.00    0.00    0.00   18.56
14:03:27       1   77.78    0.00    5.05    0.00    0.00    0.00    0.00    0.00    0.00   17.17
14:03:27       2   77.55    0.00    7.14    0.00    0.00    0.00    0.00    0.00    0.00   15.31
14:03:27       3   77.55    0.00   10.20    0.00    0.00    0.00    0.00    0.00    0.00   12.24

14:03:27     CPU    %usr   %nice    %sys %iowait    %irq   %soft  %steal  %guest  %gnice   %idle
14:03:28     all   79.08    0.00    8.42    0.00    0.00    0.00    0.00    0.00    0.00   12.50
14:03:28       0   74.23    0.00   10.31    0.00    0.00    0.00    0.00    0.00    0.00   15.46
14:03:28       1   82.83    0.00    6.06    0.00    0.00    0.00    0.00    0.00    0.00   11.11
14:03:28       2   78.35    0.00   11.34    0.00    0.00    0.00    0.00    0.00    0.00   10.31
14:03:28       3   80.81    0.00    6.06    0.00    0.00    0.00    0.00    0.00    0.00   13.13

14:03:28     CPU    %usr   %nice    %sys %iowait    %irq   %soft  %steal  %guest  %gnice   %idle
14:03:29     all   78.15    0.00    7.46    0.00    0.00    0.00    0.00    0.00    0.00   14.40
14:03:29       0   76.29    0.00   12.37    0.00    0.00    0.00    0.00    0.00    0.00   11.34
14:03:29       1   77.55    0.00    6.12    0.00    0.00    0.00    0.00    0.00    0.00   16.33
14:03:29       2   79.17    0.00    4.17    0.00    0.00    0.00    0.00    0.00    0.00   16.67
14:03:29       3   79.59    0.00    7.14    0.00    0.00    0.00    0.00    0.00    0.00   13.27

14:03:29     CPU    %usr   %nice    %sys %iowait    %irq   %soft  %steal  %guest  %gnice   %idle
14:03:30     all   79.09    0.00    9.32    0.00    0.00    0.00    0.00    0.00    0.00   11.59
14:03:30       0   81.82    0.00    7.07    0.00    0.00    0.00    0.00    0.00    0.00   11.11
14:03:30       1   78.79    0.00    6.06    0.00    0.00    0.00    0.00    0.00    0.00   15.15
14:03:30       2   75.25    0.00   16.83    0.00    0.00    0.00    0.00    0.00    0.00    7.92
14:03:30       3   80.61    0.00    7.14    0.00    0.00    0.00    0.00    0.00    0.00   12.24

14:03:30     CPU    %usr   %nice    %sys %iowait    %irq   %soft  %steal  %guest  %gnice   %idle
14:03:31     all   76.02    0.00   10.71    0.00    0.00    0.00    0.00    0.00    0.00   13.27
14:03:31       0   77.32    0.00   12.37    0.00    0.00    0.00    0.00    0.00    0.00   10.31
14:03:31       1   80.41    0.00    8.25    0.00    0.00    0.00    0.00    0.00    0.00   11.34
14:03:31       2   70.00    0.00   14.00    0.00    0.00    0.00    0.00    0.00    0.00   16.00
14:03:31       3   76.53    0.00    8.16    0.00    0.00    0.00    0.00    0.00    0.00   15.31

14:03:31     CPU    %usr   %nice    %sys %iowait    %irq   %soft  %steal  %guest  %gnice   %idle
14:03:32     all   74.68    0.00    6.72    0.00    0.00    0.00    0.00    0.00    0.00   18.60
14:03:32       0   77.55    0.00    5.10    0.00    0.00    0.00    0.00    0.00    0.00   17.35
14:03:32       1   72.16    0.00    8.25    0.00    0.00    0.00    0.00    0.00    0.00   19.59
14:03:32       2   80.41    0.00    5.15    0.00    0.00    0.00    0.00    0.00    0.00   14.43
14:03:32       3   68.42    0.00    8.42    0.00    0.00    0.00    0.00    0.00    0.00   23.16

14:03:32     CPU    %usr   %nice    %sys %iowait    %irq   %soft  %steal  %guest  %gnice   %idle
14:03:33     all   77.24    0.00    9.46    0.00    0.00    0.00    0.00    0.00    0.00   13.30
14:03:33       0   80.41    0.00    3.09    0.00    0.00    0.00    0.00    0.00    0.00   16.49
14:03:33       1   80.81    0.00    8.08    0.00    0.00    0.00    0.00    0.00    0.00   11.11
14:03:33       2   82.83    0.00    7.07    0.00    0.00    0.00    0.00    0.00    0.00   10.10
14:03:33       3   64.58    0.00   19.79    0.00    0.00    0.00    0.00    0.00    0.00   15.62

14:03:33     CPU    %usr   %nice    %sys %iowait    %irq   %soft  %steal  %guest  %gnice   %idle
14:03:34     all   76.21    0.00    8.70    0.00    0.00    0.00    0.00    0.00    0.00   15.09
14:03:34       0   80.61    0.00    6.12    0.00    0.00    0.00    0.00    0.00    0.00   13.27
14:03:34       1   75.26    0.00   10.31    0.00    0.00    0.00    0.00    0.00    0.00   14.43
14:03:34       2   78.00    0.00    7.00    0.00    0.00    0.00    0.00    0.00    0.00   15.00
14:03:34       3   70.83    0.00   11.46    0.00    0.00    0.00    0.00    0.00    0.00   17.71

14:03:34     CPU    %usr   %nice    %sys %iowait    %irq   %soft  %steal  %guest  %gnice   %idle
14:03:35     all   78.57    0.00    8.93    0.00    0.00    0.00    0.00    0.00    0.00   12.50
14:03:35       0   75.76    0.00   12.12    0.00    0.00    0.00    0.00    0.00    0.00   12.12
14:03:35       1   84.54    0.00    3.09    0.00    0.00    0.00    0.00    0.00    0.00   12.37
14:03:35       2   71.13    0.00   16.49    0.00    0.00    0.00    0.00    0.00    0.00   12.37
14:03:35       3   82.83    0.00    4.04    0.00    0.00    0.00    0.00    0.00    0.00   13.13

14:03:35     CPU    %usr   %nice    %sys %iowait    %irq   %soft  %steal  %guest  %gnice   %idle
14:03:36     all   79.34    0.00   10.20    0.00    0.00    0.00    0.00    0.00    0.00   10.46
14:03:36       0   75.51    0.00   14.29    0.00    0.00    0.00    0.00    0.00    0.00   10.20
14:03:36       1   84.85    0.00    7.07    0.00    0.00    0.00    0.00    0.00    0.00    8.08
14:03:36       2   79.80    0.00    8.08    0.00    0.00    0.00    0.00    0.00    0.00   12.12
14:03:36       3   77.08    0.00   11.46    0.00    0.00    0.00    0.00    0.00    0.00   11.46

14:03:36     CPU    %usr   %nice    %sys %iowait    %irq   %soft  %steal  %guest  %gnice   %idle
14:03:37     all   78.06    0.00    7.14    0.00    0.00    0.00    0.00    0.00    0.00   14.80
14:03:37       0   80.85    0.00    5.32    0.00    0.00    0.00    0.00    0.00    0.00   13.83
14:03:37       1   71.13    0.00   14.43    0.00    0.00    0.00    0.00    0.00    0.00   14.43
14:03:37       2   82.18    0.00    4.95    0.00    0.00    0.00    0.00    0.00    0.00   12.87
14:03:37       3   78.00    0.00    4.00    0.00    0.00    0.00    0.00    0.00    0.00   18.00

14:03:37     CPU    %usr   %nice    %sys %iowait    %irq   %soft  %steal  %guest  %gnice   %idle
14:03:38     all   79.03    0.00    8.18    0.00    0.00    0.00    0.00    0.00    0.00   12.79
14:03:38       0   77.00    0.00   10.00    0.00    0.00    0.00    0.00    0.00    0.00   13.00
14:03:38       1   83.51    0.00    4.12    0.00    0.00    0.00    0.00    0.00    0.00   12.37
14:03:38       2   75.51    0.00   13.27    0.00    0.00    0.00    0.00    0.00    0.00   11.22
14:03:38       3   80.21    0.00    5.21    0.00    0.00    0.00    0.00    0.00    0.00   14.58

14:03:38     CPU    %usr   %nice    %sys %iowait    %irq   %soft  %steal  %guest  %gnice   %idle
14:03:39     all   77.53    0.00    8.08    0.00    0.00    0.00    0.00    0.00    0.00   14.39
14:03:39       0   78.57    0.00    7.14    0.00    0.00    0.00    0.00    0.00    0.00   14.29
14:03:39       1   75.76    0.00   12.12    0.00    0.00    0.00    0.00    0.00    0.00   12.12
14:03:39       2   72.00    0.00   10.00    0.00    0.00    0.00    0.00    0.00    0.00   18.00
14:03:39       3   83.84    0.00    3.03    0.00    0.00    0.00    0.00    0.00    0.00   13.13

14:03:39     CPU    %usr   %nice    %sys %iowait    %irq   %soft  %steal  %guest  %gnice   %idle
14:03:40     all   77.04    0.00    6.89    0.00    0.00    0.00    0.00    0.00    0.00   16.07
14:03:40       0   73.96    0.00    8.33    0.00    0.00    0.00    0.00    0.00    0.00   17.71
14:03:40       1   78.57    0.00    8.16    0.00    0.00    0.00    0.00    0.00    0.00   13.27
14:03:40       2   76.00    0.00    7.00    0.00    0.00    0.00    0.00    0.00    0.00   17.00
14:03:40       3   79.59    0.00    4.08    0.00    0.00    0.00    0.00    0.00    0.00   16.33

14:03:40     CPU    %usr   %nice    %sys %iowait    %irq   %soft  %steal  %guest  %gnice   %idle
14:03:41     all   77.75    0.00    7.67    0.00    0.00    0.00    0.00    0.00    0.00   14.58
14:03:41       0   74.75    0.00   11.11    0.00    0.00    0.00    0.00    0.00    0.00   14.14
14:03:41       1   77.32    0.00    8.25    0.00    0.00    0.00    0.00    0.00    0.00   14.43
14:03:41       2   79.38    0.00    5.15    0.00    0.00    0.00    0.00    0.00    0.00   15.46
14:03:41       3   79.59    0.00    6.12    0.00    0.00    0.00    0.00    0.00    0.00   14.29

14:03:41     CPU    %usr   %nice    %sys %iowait    %irq   %soft  %steal  %guest  %gnice   %idle
14:03:42     all   76.14    0.00    8.38    0.00    0.00    0.00    0.00    0.00    0.00   15.48
14:03:42       0   75.00    0.00    9.38    0.00    0.00    0.00    0.00    0.00    0.00   15.62
14:03:42       1   78.00    0.00    7.00    0.00    0.00    0.00    0.00    0.00    0.00   15.00
14:03:42       2   78.79    0.00    5.05    0.00    0.00    0.00    0.00    0.00    0.00   16.16
14:03:42       3   72.73    0.00   12.12    0.00    0.00    0.00    0.00    0.00    0.00   15.15

14:03:42     CPU    %usr   %nice    %sys %iowait    %irq   %soft  %steal  %guest  %gnice   %idle
14:03:43     all   76.34    0.00    7.12    0.00    0.00    0.00    0.00    0.00    0.00   16.54
14:03:43       0   72.16    0.00   11.34    0.00    0.00    0.00    0.00    0.00    0.00   16.49
14:03:43       1   79.00    0.00    3.00    0.00    0.00    0.00    0.00    0.00    0.00   18.00
14:03:43       2   75.76    0.00   10.10    0.00    0.00    0.00    0.00    0.00    0.00   14.14
14:03:43       3   78.35    0.00    4.12    0.00    0.00    0.00    0.00    0.00    0.00   17.53

14:03:43     CPU    %usr   %nice    %sys %iowait    %irq   %soft  %steal  %guest  %gnice   %idle
14:03:44     all   77.95    0.00    7.69    0.00    0.00    0.00    0.00    0.00    0.00   14.36
14:03:44       0   76.53    0.00    9.18    0.00    0.00    0.00    0.00    0.00    0.00   14.29
14:03:44       1   78.35    0.00    7.22    0.00    0.00    0.00    0.00    0.00    0.00   14.43
14:03:44       2   77.32    0.00    8.25    0.00    0.00    0.00    0.00    0.00    0.00   14.43
14:03:44       3   79.59    0.00    6.12    0.00    0.00    0.00    0.00    0.00    0.00   14.29

14:03:44     CPU    %usr   %nice    %sys %iowait    %irq   %soft  %steal  %guest  %gnice   %idle
14:03:45     all   75.06    0.00   10.58    0.00    0.00    0.00    0.00    0.00    0.00   14.36
14:03:45       0   63.27    0.00   20.41    0.00    0.00    0.00    0.00    0.00    0.00   16.33
14:03:45       1   77.78    0.00   11.11    0.00    0.00    0.00    0.00    0.00    0.00   11.11
14:03:45       2   77.78    0.00    7.07    0.00    0.00    0.00    0.00    0.00    0.00   15.15
14:03:45       3   81.19    0.00    3.96    0.00    0.00    0.00    0.00    0.00    0.00   14.85

14:03:45     CPU    %usr   %nice    %sys %iowait    %irq   %soft  %steal  %guest  %gnice   %idle
14:03:46     all   75.96    0.00    6.91    0.00    0.00    0.00    0.00    0.00    0.00   17.14
14:03:46       0   76.04    0.00    4.17    0.00    0.00    0.00    0.00    0.00    0.00   19.79
14:03:46       1   79.59    0.00    5.10    0.00    0.00    0.00    0.00    0.00    0.00   15.31
14:03:46       2   76.00    0.00    8.00    0.00    0.00    0.00    0.00    0.00    0.00   16.00
14:03:46       3   72.16    0.00   10.31    0.00    0.00    0.00    0.00    0.00    0.00   17.53

14:03:46     CPU    %usr   %nice    %sys %iowait    %irq   %soft  %steal  %guest  %gnice   %idle
14:03:47     all   77.04    0.00    8.67    0.00    0.00    0.00    0.00    0.00    0.00   14.29
14:03:47       0   73.74    0.00   13.13    0.00    0.00    0.00    0.00    0.00    0.00   13.13
14:03:47       1   70.83    0.00   13.54    0.00    0.00    0.00    0.00    0.00    0.00   15.62
14:03:47       2   79.59    0.00    5.10    0.00    0.00    0.00    0.00    0.00    0.00   15.31
14:03:47       3   83.84    0.00    3.03    0.00    0.00    0.00    0.00    0.00    0.00   13.13

14:03:47     CPU    %usr   %nice    %sys %iowait    %irq   %soft  %steal  %guest  %gnice   %idle
14:03:48     all   77.61    0.00    8.91    0.00    0.00    0.00    0.00    0.00    0.00   13.49
14:03:48       0   71.88    0.00   11.46    0.00    0.00    0.00    0.00    0.00    0.00   16.67
14:03:48       1   83.00    0.00    5.00    0.00    0.00    0.00    0.00    0.00    0.00   12.00
14:03:48       2   71.13    0.00   15.46    0.00    0.00    0.00    0.00    0.00    0.00   13.40
14:03:48       3   84.00    0.00    4.00    0.00    0.00    0.00    0.00    0.00    0.00   12.00

14:03:48     CPU    %usr   %nice    %sys %iowait    %irq   %soft  %steal  %guest  %gnice   %idle
14:03:49     all   77.41    0.00    8.12    0.00    0.00    0.00    0.00    0.00    0.00   14.47
14:03:49       0   82.83    0.00    4.04    0.00    0.00    0.00    0.00    0.00    0.00   13.13
14:03:49       1   70.53    0.00   13.68    0.00    0.00    0.00    0.00    0.00    0.00   15.79
14:03:49       2   77.00    0.00    8.00    0.00    0.00    0.00    0.00    0.00    0.00   15.00
14:03:49       3   79.00    0.00    7.00    0.00    0.00    0.00    0.00    0.00    0.00   14.00

14:03:49     CPU    %usr   %nice    %sys %iowait    %irq   %soft  %steal  %guest  %gnice   %idle
14:03:50     all   75.83    0.00    9.16    0.00    0.00    0.00    0.00    0.00    0.00   15.01
14:03:50       0   75.51    0.00    9.18    0.00    0.00    0.00    0.00    0.00    0.00   15.31
14:03:50       1   73.00    0.00   12.00    0.00    0.00    0.00    0.00    0.00    0.00   15.00
14:03:50       2   81.05    0.00    3.16    0.00    0.00    0.00    0.00    0.00    0.00   15.79
14:03:50       3   74.00    0.00   12.00    0.00    0.00    0.00    0.00    0.00    0.00   14.00

14:03:50     CPU    %usr   %nice    %sys %iowait    %irq   %soft  %steal  %guest  %gnice   %idle
14:03:51     all   77.44    0.00    7.69    0.00    0.00    0.00    0.00    0.00    0.00   14.87
14:03:51       0   75.26    0.00   12.37    0.00    0.00    0.00    0.00    0.00    0.00   12.37
14:03:51       1   76.84    0.00    8.42    0.00    0.00    0.00    0.00    0.00    0.00   14.74
14:03:51       2   76.29    0.00    8.25    0.00    0.00    0.00    0.00    0.00    0.00   15.46
14:03:51       3   81.19    0.00    1.98    0.00    0.00    0.00    0.00    0.00    0.00   16.83

14:03:51     CPU    %usr   %nice    %sys %iowait    %irq   %soft  %steal  %guest  %gnice   %idle
14:03:52     all   77.02    0.00    7.07    0.00    0.00    0.00    0.00    0.00    0.00   15.91
14:03:52       0   78.79    0.00    3.03    0.00    0.00    0.00    0.00    0.00    0.00   18.18
14:03:52       1   76.00    0.00   12.00    0.00    0.00    0.00    0.00    0.00    0.00   12.00
14:03:52       2   74.49    0.00    7.14    0.00    0.00    0.00    0.00    0.00    0.00   18.37
14:03:52       3   78.79    0.00    6.06    0.00    0.00    0.00    0.00    0.00    0.00   15.15

14:03:52     CPU    %usr   %nice    %sys %iowait    %irq   %soft  %steal  %guest  %gnice   %idle
14:03:53     all   76.21    0.00    7.42    0.00    0.00    0.00    0.00    0.00    0.00   16.37
14:03:53       0   72.63    0.00   10.53    0.00    0.00    0.00    0.00    0.00    0.00   16.84
14:03:53       1   82.65    0.00    5.10    0.00    0.00    0.00    0.00    0.00    0.00   12.24
14:03:53       2   74.75    0.00    6.06    0.00    0.00    0.00    0.00    0.00    0.00   19.19
14:03:53       3   74.75    0.00    8.08    0.00    0.00    0.00    0.00    0.00    0.00   17.17

14:03:53     CPU    %usr   %nice    %sys %iowait    %irq   %soft  %steal  %guest  %gnice   %idle
14:03:54     all   77.69    0.00    7.69    0.00    0.00    0.00    0.00    0.00    0.00   14.62
14:03:54       0   76.60    0.00   11.70    0.00    0.00    0.00    0.00    0.00    0.00   11.70
14:03:54       1   77.55    0.00    7.14    0.00    0.00    0.00    0.00    0.00    0.00   15.31
14:03:54       2   81.63    0.00    3.06    0.00    0.00    0.00    0.00    0.00    0.00   15.31
14:03:54       3   75.00    0.00    9.00    0.00    0.00    0.00    0.00    0.00    0.00   16.00

14:03:54     CPU    %usr   %nice    %sys %iowait    %irq   %soft  %steal  %guest  %gnice   %idle
14:03:55     all   74.62    0.00    8.46    0.00    0.00    0.00    0.00    0.00    0.00   16.92
14:03:55       0   71.13    0.00   13.40    0.00    0.00    0.00    0.00    0.00    0.00   15.46
14:03:55       1   74.23    0.00    8.25    0.00    0.00    0.00    0.00    0.00    0.00   17.53
14:03:55       2   77.32    0.00    5.15    0.00    0.00    0.00    0.00    0.00    0.00   17.53
14:03:55       3   75.76    0.00    7.07    0.00    0.00    0.00    0.00    0.00    0.00   17.17

14:03:55     CPU    %usr   %nice    %sys %iowait    %irq   %soft  %steal  %guest  %gnice   %idle
14:03:56     all   76.29    0.00    7.99    0.00    0.00    0.00    0.00    0.00    0.00   15.72
14:03:56       0   80.00    0.00    5.26    0.00    0.00    0.00    0.00    0.00    0.00   14.74
14:03:56       1   75.76    0.00    8.08    0.00    0.00    0.00    0.00    0.00    0.00   16.16
14:03:56       2   73.47    0.00   11.22    0.00    0.00    0.00    0.00    0.00    0.00   15.31
14:03:56       3   76.04    0.00    7.29    0.00    0.00    0.00    0.00    0.00    0.00   16.67

14:03:56     CPU    %usr   %nice    %sys %iowait    %irq   %soft  %steal  %guest  %gnice   %idle
14:03:57     all   78.17    0.00    7.36    0.00    0.00    0.00    0.00    0.00    0.00   14.47
14:03:57       0   78.35    0.00    8.25    0.00    0.00    0.00    0.00    0.00    0.00   13.40
14:03:57       1   76.29    0.00   10.31    0.00    0.00    0.00    0.00    0.00    0.00   13.40
14:03:57       2   79.21    0.00    4.95    0.00    0.00    0.00    0.00    0.00    0.00   15.84
14:03:57       3   78.79    0.00    6.06    0.00    0.00    0.00    0.00    0.00    0.00   15.15

14:03:57     CPU    %usr   %nice    %sys %iowait    %irq   %soft  %steal  %guest  %gnice   %idle
14:03:58     all   79.19    0.00    8.63    0.00    0.00    0.00    0.00    0.00    0.00   12.18
14:03:58       0   78.35    0.00   11.34    0.00    0.00    0.00    0.00    0.00    0.00   10.31
14:03:58       1   79.80    0.00    6.06    0.00    0.00    0.00    0.00    0.00    0.00   14.14
14:03:58       2   79.80    0.00    8.08    0.00    0.00    0.00    0.00    0.00    0.00   12.12
14:03:58       3   78.79    0.00    9.09    0.00    0.00    0.00    0.00    0.00    0.00   12.12

14:03:58     CPU    %usr   %nice    %sys %iowait    %irq   %soft  %steal  %guest  %gnice   %idle
14:03:59     all   77.55    0.00    8.67    0.00    0.00    0.00    0.00    0.00    0.00   13.78
14:03:59       0   71.58    0.00   15.79    0.00    0.00    0.00    0.00    0.00    0.00   12.63
14:03:59       1   81.82    0.00    4.04    0.00    0.00    0.00    0.00    0.00    0.00   14.14
14:03:59       2   82.18    0.00    2.97    0.00    0.00    0.00    0.00    0.00    0.00   14.85
14:03:59       3   74.23    0.00   12.37    0.00    0.00    0.00    0.00    0.00    0.00   13.40

14:03:59     CPU    %usr   %nice    %sys %iowait    %irq   %soft  %steal  %guest  %gnice   %idle
14:04:00     all   72.89    0.00    8.18    0.00    0.00    0.00    0.00    0.00    0.00   18.93
14:04:00       0   68.37    0.00   12.24    0.00    0.00    0.00    0.00    0.00    0.00   19.39
14:04:00       1   73.68    0.00    4.21    0.00    0.00    0.00    0.00    0.00    0.00   22.11
14:04:00       2   72.73    0.00   10.10    0.00    0.00    0.00    0.00    0.00    0.00   17.17
14:04:00       3   76.77    0.00    6.06    0.00    0.00    0.00    0.00    0.00    0.00   17.17

14:04:00     CPU    %usr   %nice    %sys %iowait    %irq   %soft  %steal  %guest  %gnice   %idle
14:04:01     all   77.83    0.00    8.31    0.00    0.00    0.00    0.00    0.00    0.00   13.85
14:04:01       0   83.84    0.00    3.03    0.00    0.00    0.00    0.00    0.00    0.00   13.13
14:04:01       1   72.73    0.00   14.14    0.00    0.00    0.00    0.00    0.00    0.00   13.13
14:04:01       2   78.79    0.00    6.06    0.00    0.00    0.00    0.00    0.00    0.00   15.15
14:04:01       3   76.00    0.00   10.00    0.00    0.00    0.00    0.00    0.00    0.00   14.00

14:04:01     CPU    %usr   %nice    %sys %iowait    %irq   %soft  %steal  %guest  %gnice   %idle
14:04:02     all   75.90    0.00    7.95    0.00    0.00    0.00    0.00    0.00    0.00   16.15
14:04:02       0   74.49    0.00   10.20    0.00    0.00    0.00    0.00    0.00    0.00   15.31
14:04:02       1   75.76    0.00    6.06    0.00    0.00    0.00    0.00    0.00    0.00   18.18
14:04:02       2   78.12    0.00    7.29    0.00    0.00    0.00    0.00    0.00    0.00   14.58
14:04:02       3   75.26    0.00    8.25    0.00    0.00    0.00    0.00    0.00    0.00   16.49

14:04:02     CPU    %usr   %nice    %sys %iowait    %irq   %soft  %steal  %guest  %gnice   %idle
14:04:03     all   79.59    0.00    7.14    0.00    0.00    0.00    0.00    0.00    0.00   13.27
14:04:03       0   82.47    0.00    6.19    0.00    0.00    0.00    0.00    0.00    0.00   11.34
14:04:03       1   82.29    0.00    6.25    0.00    0.00    0.00    0.00    0.00    0.00   11.46
14:04:03       2   76.00    0.00   10.00    0.00    0.00    0.00    0.00    0.00    0.00   14.00
14:04:03       3   77.78    0.00    6.06    0.00    0.00    0.00    0.00    0.00    0.00   16.16

14:04:03     CPU    %usr   %nice    %sys %iowait    %irq   %soft  %steal  %guest  %gnice   %idle
14:04:04     all   14.79    0.00   11.28    0.00    0.00    0.25    0.00    0.00    0.00   73.68
14:04:04       0   12.12    0.00    2.02    0.00    0.00    0.00    0.00    0.00    0.00   85.86
14:04:04       1   17.65    0.00    9.80    0.00    0.00    0.98    0.00    0.00    0.00   71.57
14:04:04       2   19.19    0.00   19.19    0.00    0.00    0.00    0.00    0.00    0.00   61.62
14:04:04       3   10.10    0.00   14.14    0.00    0.00    0.00    0.00    0.00    0.00   75.76

Average:     CPU    %usr   %nice    %sys %iowait    %irq   %soft  %steal  %guest  %gnice   %idle
Average:     all   74.43    0.00    8.67    0.00    0.00    0.00    0.00    0.00    0.00   16.90
Average:       0   73.23    0.00    9.09    0.00    0.00    0.00    0.00    0.00    0.00   17.68
Average:       1   76.54    0.00    8.37    0.00    0.00    0.02    0.00    0.00    0.00   15.07
Average:       2   74.26    0.00    9.20    0.00    0.00    0.00    0.00    0.00    0.00   16.53
Average:       3   73.67    0.00    8.01    0.00    0.00    0.00    0.00    0.00    0.00   18.32
