Linux 5.15.36-xilinx-v2022.2 (xilinx-zcu102-20222) 	09/01/26 	_aarch64_	(4 CPU)

# Time        UID       PID    %usr %system  %guest   %wait    %CPU   CPU  Command
14:03:13        0   1692772   68.00   30.00    0.00    0.00   98.00     1  stream_pipeline
14:03:14        0   1692772  232.00   53.00    0.00    0.00  285.00     1  stream_pipeline
14:03:15        0   1692772  294.00   42.00    0.00    0.00  336.00     1  stream_pipeline
14:03:16        0   1692772  309.00   32.00    0.00    0.00  341.00     1  stream_pipeline
14:03:17        0   1692772  300.00   29.00    0.00    0.00  329.00     1  stream_pipeline
14:03:18        0   1692772  308.00   23.00    0.00    0.00  331.00     1  stream_pipeline
14:03:19        0   1692772  302.00   37.00    0.00    0.00  339.00     1  stream_pipeline
14:03:20        0   1692772  310.00   27.00    0.00    0.00  337.00     1  stream_pipeline
14:03:21        0   1692772  293.00   31.00    0.00    0.00  324.00     1  stream_pipeline
14:03:22        0   1692772  307.00   29.00    0.00    0.00  336.00     1  stream_pipeline
14:03:23        0   1692772  311.00   29.00    0.00    0.00  340.00     1  stream_pipeline
14:03:24        0   1692772  308.00   34.00    0.00    0.00  342.00     1  stream_pipeline
14:03:25        0   1692772  304.00   26.00    0.00    0.00  330.00     1  stream_pipeline
14:03:26        0   1692772  311.00   27.00    0.00    0.00  338.00     1  stream_pipeline
14:03:27        0   1692772  291.00   39.00    0.00    0.00  330.00     1  stream_pipeline
14:03:28        0   1692772  315.00   31.00    0.00    0.00  346.00     1  stream_pipeline
14:03:29        0   1692772  311.00   27.00    0.00    0.00  338.00     1  stream_pipeline
14:03:30        0   1692772  315.00   33.00    0.00    0.00  348.00     1  stream_pipeline
14:03:31        0   1692772  301.00   40.00    0.00    0.00  341.00     1  stream_pipeline
14:03:32        0   1692772  296.00   26.00    0.00    0.00  322.00     1  stream_pipeline
14:03:33        0   1692772  306.00   34.00    0.00    0.00  340.00     1  stream_pipeline
14:03:34        0   1692772  304.00   32.00    0.00    0.00  336.00     1  stream_pipeline
14:03:35        0   1692772  312.00   32.00    0.00    0.00  344.00     1  stream_pipeline
14:03:36        0   1692772  313.00   39.00    0.00    0.00  352.00     1  stream_pipeline
14:03:37        0   1692772  309.00   27.00    0.00    0.00  336.00     1  stream_pipeline
14:03:38        0   1692772  313.00   30.00    0.00    0.00  343.00     1  stream_pipeline
14:03:39        0   1692772  307.92   28.71    0.00    0.00  336.63     1  stream_pipeline
14:03:40        0   1692772  306.00   24.00    0.00    0.00  330.00     1  stream_pipeline
14:03:41        0   1692772  308.00   29.00    0.00    0.00  337.00     1  stream_pipeline
14:03:42        0   1692772  303.00   30.00    0.00    0.00  333.00     1  stream_pipeline
14:03:43        0   1692772  303.00   25.00    0.00    0.00  328.00     1  stream_pipeline
14:03:44        0   1692772  308.00   29.00    0.00    0.00  337.00     1  stream_pipeline
14:03:45        0   1692772  298.00   38.00    0.00    0.00  336.00     1  stream_pipeline
14:03:46        0   1692772  300.00   26.00    0.00    0.00  326.00     1  stream_pipeline
14:03:47        0   1692772  308.00   30.00    0.00    0.00  338.00     1  stream_pipeline
14:03:48        0   1692772  309.00   32.00    0.00    0.00  341.00     1  stream_pipeline
14:03:49        0   1692772  306.00   31.00    0.00    0.00  337.00     1  stream_pipeline
14:03:50        0   1692772  303.00   30.00    0.00    0.00  333.00     1  stream_pipeline
14:03:51        0   1692772  310.00   28.00    0.00    0.00  338.00     1  stream_pipeline
14:03:52        0   1692772  302.00   27.00    0.00    0.00  329.00     1  stream_pipeline
14:03:53        0   1692772  303.00   26.00    0.00    0.00  329.00     1  stream_pipeline
14:03:54        0   1692772  308.00   29.00    0.00    0.00  337.00     1  stream_pipeline
14:03:55        0   1692772  297.00   32.00    0.00    0.00  329.00     1  stream_pipeline
14:03:56        0   1692772  305.00   28.00    0.00    0.00  333.00     1  stream_pipeline
14:03:57        0   1692772  308.00   29.00    0.00    0.00  337.00     1  stream_pipeline
14:03:58        0   1692772  313.00   31.00    0.00    0.00  344.00     1  stream_pipeline
14:03:59        0   1692772  308.00   31.00    0.00    0.00  339.00     1  stream_pipeline
14:04:00        0   1692772  291.00   30.00    0.00    0.00  321.00     1  stream_pipeline
14:04:01        0   1692772  307.00   31.00    0.00    0.00  338.00     1  stream_pipeline
14:04:02        0   1692772  302.00   30.00    0.00    0.00  332.00     1  stream_pipeline
14:04:03        0   1692772  314.00   25.00    0.00    0.00  339.00     1  stream_pipeline
