Linux 5.15.36-xilinx-v2022.2 (xilinx-zcu102-20222) 	09/06/26 	_aarch64_	(4 CPU)

15:13:23     CPU    %usr   %nice    %sys %iowait    %irq   %soft  %steal  %guest  %gnice   %idle
15:13:24     all    1.25    0.00    1.00    0.00    0.00    0.00    0.00    0.00    0.00   97.75
15:13:24       0    0.00    0.00    0.00    0.00    0.00    0.00    0.00    0.00    0.00  100.00
15:13:24       1    0.00    0.00    0.00    0.00    0.00    0.00    0.00    0.00    0.00  100.00
15:13:24       2    5.00    0.00    4.00    0.00    0.00    0.00    0.00    0.00    0.00   91.00
15:13:24       3    0.00    0.00    0.00    0.00    0.00    0.00    0.00    0.00    0.00  100.00

15:13:24     CPU    %usr   %nice    %sys %iowait    %irq   %soft  %steal  %guest  %gnice   %idle
15:13:25     all    0.00    0.00    0.75    0.25    0.00    0.00    0.00    0.00    0.00   99.00
15:13:25       0    0.00    0.00    0.00    0.00    0.00    0.00    0.00    0.00    0.00  100.00
15:13:25       1    0.00    0.00    0.00    0.00    0.00    0.00    0.00    0.00    0.00  100.00
15:13:25       2    0.00    0.00    0.00    0.00    0.00    0.00    0.00    0.00    0.00  100.00
15:13:25       3    0.00    0.00    2.97    0.99    0.00    0.00    0.00    0.00    0.00   96.04

15:13:25     CPU    %usr   %nice    %sys %iowait    %irq   %soft  %steal  %guest  %gnice   %idle
15:13:26     all   21.94    0.00   17.86    0.00    0.00    0.00    0.00    0.00    0.00   60.20
15:13:26       0    0.00    0.00    0.00    0.00    0.00    0.00    0.00    0.00    0.00  100.00
15:13:26       1    0.00    0.00    0.00    0.00    0.00    0.00    0.00    0.00    0.00  100.00
15:13:26       2   38.00    0.00   52.00    0.00    0.00    0.00    0.00    0.00    0.00   10.00
15:13:26       3   48.00    0.00   18.00    0.00    0.00    0.00    0.00    0.00    0.00   34.00

15:13:26     CPU    %usr   %nice    %sys %iowait    %irq   %soft  %steal  %guest  %gnice   %idle
15:13:27     all   61.32    0.00   15.27    0.00    0.00    0.00    0.00    0.00    0.00   23.41
15:13:27       0   56.57    0.00   19.19    0.00    0.00    0.00    0.00    0.00    0.00   24.24
15:13:27       1   67.35    0.00   11.22    0.00    0.00    0.00    0.00    0.00    0.00   21.43
15:13:27       2   64.58    0.00    6.25    0.00    0.00    0.00    0.00    0.00    0.00   29.17
15:13:27       3   57.00    0.00   24.00    0.00    0.00    0.00    0.00    0.00    0.00   19.00

15:13:27     CPU    %usr   %nice    %sys %iowait    %irq   %soft  %steal  %guest  %gnice   %idle
15:13:28     all   77.32    0.00   10.57    0.00    0.00    0.00    0.00    0.00    0.00   12.11
15:13:28       0   80.00    0.00    8.42    0.00    0.00    0.00    0.00    0.00    0.00   11.58
15:13:28       1   81.63    0.00    4.08    0.00    0.00    0.00    0.00    0.00    0.00   14.29
15:13:28       2   75.26    0.00   12.37    0.00    0.00    0.00    0.00    0.00    0.00   12.37
15:13:28       3   72.45    0.00   17.35    0.00    0.00    0.00    0.00    0.00    0.00   10.20

15:13:28     CPU    %usr   %nice    %sys %iowait    %irq   %soft  %steal  %guest  %gnice   %idle
15:13:29     all   76.98    0.00    8.95    0.00    0.00    0.26    0.00    0.00    0.00   13.81
15:13:29       0   81.00    0.00    6.00    0.00    0.00    1.00    0.00    0.00    0.00   12.00
15:13:29       1   69.15    0.00   14.89    0.00    0.00    0.00    0.00    0.00    0.00   15.96
15:13:29       2   79.00    0.00    6.00    0.00    0.00    0.00    0.00    0.00    0.00   15.00
15:13:29       3   78.35    0.00    9.28    0.00    0.00    0.00    0.00    0.00    0.00   12.37

15:13:29     CPU    %usr   %nice    %sys %iowait    %irq   %soft  %steal  %guest  %gnice   %idle
15:13:30     all   74.42    0.00    7.93    0.00    0.00    0.00    0.00    0.00    0.00   17.65
15:13:30       0   72.45    0.00   11.22    0.00    0.00    0.00    0.00    0.00    0.00   16.33
15:13:30       1   74.49    0.00    8.16    0.00    0.00    0.00    0.00    0.00    0.00   17.35
15:13:30       2   77.89    0.00    4.21    0.00    0.00    0.00    0.00    0.00    0.00   17.89
15:13:30       3   73.00    0.00    8.00    0.00    0.00    0.00    0.00    0.00    0.00   19.00

15:13:30     CPU    %usr   %nice    %sys %iowait    %irq   %soft  %steal  %guest  %gnice   %idle
15:13:31     all   77.81    0.00    7.91    0.00    0.00    0.00    0.00    0.00    0.00   14.29
15:13:31       0   78.79    0.00    7.07    0.00    0.00    0.00    0.00    0.00    0.00   14.14
15:13:31       1   79.38    0.00    6.19    0.00    0.00    0.00    0.00    0.00    0.00   14.43
15:13:31       2   77.55    0.00    8.16    0.00    0.00    0.00    0.00    0.00    0.00   14.29
15:13:31       3   75.51    0.00   10.20    0.00    0.00    0.00    0.00    0.00    0.00   14.29

15:13:31     CPU    %usr   %nice    %sys %iowait    %irq   %soft  %steal  %guest  %gnice   %idle
15:13:32     all   74.55    0.00   10.28    0.00    0.00    0.00    0.00    0.00    0.00   15.17
15:13:32       0   81.63    0.00    4.08    0.00    0.00    0.00    0.00    0.00    0.00   14.29
15:13:32       1   76.29    0.00    9.28    0.00    0.00    0.00    0.00    0.00    0.00   14.43
15:13:32       2   67.35    0.00   18.37    0.00    0.00    0.00    0.00    0.00    0.00   14.29
15:13:32       3   72.92    0.00    9.38    0.00    0.00    0.00    0.00    0.00    0.00   17.71

15:13:32     CPU    %usr   %nice    %sys %iowait    %irq   %soft  %steal  %guest  %gnice   %idle
15:13:33     all   74.48    0.00    6.96    0.00    0.00    0.00    0.00    0.00    0.00   18.56
15:13:33       0   79.59    0.00    5.10    0.00    0.00    0.00    0.00    0.00    0.00   15.31
15:13:33       1   73.96    0.00    8.33    0.00    0.00    0.00    0.00    0.00    0.00   17.71
15:13:33       2   74.23    0.00    6.19    0.00    0.00    0.00    0.00    0.00    0.00   19.59
15:13:33       3   70.10    0.00    8.25    0.00    0.00    0.00    0.00    0.00    0.00   21.65

15:13:33     CPU    %usr   %nice    %sys %iowait    %irq   %soft  %steal  %guest  %gnice   %idle
15:13:34     all   78.32    0.00    7.65    0.00    0.00    0.00    0.00    0.00    0.00   14.03
15:13:34       0   82.47    0.00    6.19    0.00    0.00    0.00    0.00    0.00    0.00   11.34
15:13:34       1   70.10    0.00   11.34    0.00    0.00    0.00    0.00    0.00    0.00   18.56
15:13:34       2   79.59    0.00    9.18    0.00    0.00    0.00    0.00    0.00    0.00   11.22
15:13:34       3   81.00    0.00    4.00    0.00    0.00    0.00    0.00    0.00    0.00   15.00

15:13:34     CPU    %usr   %nice    %sys %iowait    %irq   %soft  %steal  %guest  %gnice   %idle
15:13:35     all   75.64    0.00    7.95    0.00    0.00    0.00    0.00    0.00    0.00   16.41
15:13:35       0   68.75    0.00   11.46    0.00    0.00    0.00    0.00    0.00    0.00   19.79
15:13:35       1   79.59    0.00    6.12    0.00    0.00    0.00    0.00    0.00    0.00   14.29
15:13:35       2   76.53    0.00    8.16    0.00    0.00    0.00    0.00    0.00    0.00   15.31
15:13:35       3   77.55    0.00    6.12    0.00    0.00    0.00    0.00    0.00    0.00   16.33

15:13:35     CPU    %usr   %nice    %sys %iowait    %irq   %soft  %steal  %guest  %gnice   %idle
15:13:36     all   74.62    0.00    9.39    0.00    0.00    0.00    0.00    0.00    0.00   15.99
15:13:36       0   74.23    0.00    9.28    0.00    0.00    0.00    0.00    0.00    0.00   16.49
15:13:36       1   79.21    0.00    4.95    0.00    0.00    0.00    0.00    0.00    0.00   15.84
15:13:36       2   69.39    0.00   14.29    0.00    0.00    0.00    0.00    0.00    0.00   16.33
15:13:36       3   75.51    0.00    9.18    0.00    0.00    0.00    0.00    0.00    0.00   15.31

15:13:36     CPU    %usr   %nice    %sys %iowait    %irq   %soft  %steal  %guest  %gnice   %idle
15:13:37     all   78.57    0.00    7.91    0.00    0.00    0.00    0.00    0.00    0.00   13.52
15:13:37       0   72.45    0.00   13.27    0.00    0.00    0.00    0.00    0.00    0.00   14.29
15:13:37       1   78.79    0.00    6.06    0.00    0.00    0.00    0.00    0.00    0.00   15.15
15:13:37       2   87.63    0.00    3.09    0.00    0.00    0.00    0.00    0.00    0.00    9.28
15:13:37       3   75.51    0.00    9.18    0.00    0.00    0.00    0.00    0.00    0.00   15.31

15:13:37     CPU    %usr   %nice    %sys %iowait    %irq   %soft  %steal  %guest  %gnice   %idle
15:13:38     all   74.62    0.00    9.14    0.00    0.00    0.00    0.00    0.00    0.00   16.24
15:13:38       0   76.04    0.00    8.33    0.00    0.00    0.00    0.00    0.00    0.00   15.62
15:13:38       1   71.00    0.00   12.00    0.00    0.00    0.00    0.00    0.00    0.00   17.00
15:13:38       2   72.73    0.00   10.10    0.00    0.00    0.00    0.00    0.00    0.00   17.17
15:13:38       3   78.79    0.00    6.06    0.00    0.00    0.00    0.00    0.00    0.00   15.15

15:13:38     CPU    %usr   %nice    %sys %iowait    %irq   %soft  %steal  %guest  %gnice   %idle
15:13:39     all   76.98    0.00    7.67    0.00    0.00    0.00    0.00    0.00    0.00   15.35
15:13:39       0   72.45    0.00   12.24    0.00    0.00    0.00    0.00    0.00    0.00   15.31
15:13:39       1   77.78    0.00   10.10    0.00    0.00    0.00    0.00    0.00    0.00   12.12
15:13:39       2   81.63    0.00    2.04    0.00    0.00    0.00    0.00    0.00    0.00   16.33
15:13:39       3   76.04    0.00    6.25    0.00    0.00    0.00    0.00    0.00    0.00   17.71

15:13:39     CPU    %usr   %nice    %sys %iowait    %irq   %soft  %steal  %guest  %gnice   %idle
15:13:40     all   80.21    0.00    6.43    0.00    0.00    0.00    0.00    0.00    0.00   13.37
15:13:40       0   80.00    0.00    6.32    0.00    0.00    0.00    0.00    0.00    0.00   13.68
15:13:40       1   70.53    0.00   12.63    0.00    0.00    0.00    0.00    0.00    0.00   16.84
15:13:40       2   86.87    0.00    2.02    0.00    0.00    0.00    0.00    0.00    0.00   11.11
15:13:40       3   83.00    0.00    5.00    0.00    0.00    0.00    0.00    0.00    0.00   12.00

15:13:40     CPU    %usr   %nice    %sys %iowait    %irq   %soft  %steal  %guest  %gnice   %idle
15:13:41     all   78.06    0.00    8.42    0.00    0.00    0.00    0.00    0.00    0.00   13.52
15:13:41       0   71.72    0.00   17.17    0.00    0.00    0.00    0.00    0.00    0.00   11.11
15:13:41       1   76.53    0.00    9.18    0.00    0.00    0.00    0.00    0.00    0.00   14.29
15:13:41       2   78.35    0.00    4.12    0.00    0.00    0.00    0.00    0.00    0.00   17.53
15:13:41       3   85.71    0.00    3.06    0.00    0.00    0.00    0.00    0.00    0.00   11.22

15:13:41     CPU    %usr   %nice    %sys %iowait    %irq   %soft  %steal  %guest  %gnice   %idle
15:13:42     all   75.77    0.00    9.44    0.00    0.00    0.00    0.00    0.00    0.00   14.80
15:13:42       0   81.63    0.00    4.08    0.00    0.00    0.00    0.00    0.00    0.00   14.29
15:13:42       1   71.58    0.00   10.53    0.00    0.00    0.00    0.00    0.00    0.00   17.89
15:13:42       2   75.51    0.00   10.20    0.00    0.00    0.00    0.00    0.00    0.00   14.29
15:13:42       3   74.26    0.00   12.87    0.00    0.00    0.00    0.00    0.00    0.00   12.87

15:13:42     CPU    %usr   %nice    %sys %iowait    %irq   %soft  %steal  %guest  %gnice   %idle
15:13:43     all   76.21    0.00    9.21    0.00    0.00    0.00    0.00    0.00    0.00   14.58
15:13:43       0   77.55    0.00    6.12    0.00    0.00    0.00    0.00    0.00    0.00   16.33
15:13:43       1   72.00    0.00   12.00    0.00    0.00    0.00    0.00    0.00    0.00   16.00
15:13:43       2   75.00    0.00   10.42    0.00    0.00    0.00    0.00    0.00    0.00   14.58
15:13:43       3   80.41    0.00    8.25    0.00    0.00    0.00    0.00    0.00    0.00   11.34

15:13:43     CPU    %usr   %nice    %sys %iowait    %irq   %soft  %steal  %guest  %gnice   %idle
15:13:44     all   76.86    0.00    8.23    0.00    0.00    0.00    0.00    0.00    0.00   14.91
15:13:44       0   79.17    0.00    7.29    0.00    0.00    0.00    0.00    0.00    0.00   13.54
15:13:44       1   74.75    0.00   11.11    0.00    0.00    0.00    0.00    0.00    0.00   14.14
15:13:44       2   74.23    0.00   10.31    0.00    0.00    0.00    0.00    0.00    0.00   15.46
15:13:44       3   79.38    0.00    4.12    0.00    0.00    0.00    0.00    0.00    0.00   16.49

15:13:44     CPU    %usr   %nice    %sys %iowait    %irq   %soft  %steal  %guest  %gnice   %idle
15:13:45     all   78.21    0.00    6.67    0.00    0.00    0.00    0.00    0.00    0.00   15.13
15:13:45       0   78.79    0.00    6.06    0.00    0.00    0.00    0.00    0.00    0.00   15.15
15:13:45       1   79.17    0.00    5.21    0.00    0.00    0.00    0.00    0.00    0.00   15.62
15:13:45       2   75.00    0.00   10.42    0.00    0.00    0.00    0.00    0.00    0.00   14.58
15:13:45       3   79.80    0.00    5.05    0.00    0.00    0.00    0.00    0.00    0.00   15.15

15:13:45     CPU    %usr   %nice    %sys %iowait    %irq   %soft  %steal  %guest  %gnice   %idle
15:13:46     all   77.18    0.00    7.95    0.00    0.00    0.00    0.00    0.00    0.00   14.87
15:13:46       0   73.47    0.00   11.22    0.00    0.00    0.00    0.00    0.00    0.00   15.31
15:13:46       1   84.54    0.00    2.06    0.00    0.00    0.00    0.00    0.00    0.00   13.40
15:13:46       2   79.17    0.00    6.25    0.00    0.00    0.00    0.00    0.00    0.00   14.58
15:13:46       3   71.72    0.00   12.12    0.00    0.00    0.00    0.00    0.00    0.00   16.16

15:13:46     CPU    %usr   %nice    %sys %iowait    %irq   %soft  %steal  %guest  %gnice   %idle
15:13:47     all   76.07    0.00    9.07    0.00    0.00    0.00    0.00    0.00    0.00   14.86
15:13:47       0   81.19    0.00    4.95    0.00    0.00    0.00    0.00    0.00    0.00   13.86
15:13:47       1   75.25    0.00    9.90    0.00    0.00    0.00    0.00    0.00    0.00   14.85
15:13:47       2   70.41    0.00   12.24    0.00    0.00    0.00    0.00    0.00    0.00   17.35
15:13:47       3   77.32    0.00    9.28    0.00    0.00    0.00    0.00    0.00    0.00   13.40

15:13:47     CPU    %usr   %nice    %sys %iowait    %irq   %soft  %steal  %guest  %gnice   %idle
15:13:48     all   76.47    0.00   10.49    0.00    0.00    0.00    0.00    0.00    0.00   13.04
15:13:48       0   71.88    0.00   13.54    0.00    0.00    0.00    0.00    0.00    0.00   14.58
15:13:48       1   76.77    0.00   10.10    0.00    0.00    0.00    0.00    0.00    0.00   13.13
15:13:48       2   82.47    0.00    6.19    0.00    0.00    0.00    0.00    0.00    0.00   11.34
15:13:48       3   74.75    0.00   12.12    0.00    0.00    0.00    0.00    0.00    0.00   13.13

15:13:48     CPU    %usr   %nice    %sys %iowait    %irq   %soft  %steal  %guest  %gnice   %idle
15:13:49     all   73.15    0.00   10.49    0.00    0.00    0.00    0.00    0.00    0.00   16.37
15:13:49       0   71.43    0.00   13.27    0.00    0.00    0.00    0.00    0.00    0.00   15.31
15:13:49       1   70.83    0.00   12.50    0.00    0.00    0.00    0.00    0.00    0.00   16.67
15:13:49       2   71.43    0.00   11.22    0.00    0.00    0.00    0.00    0.00    0.00   17.35
15:13:49       3   78.79    0.00    5.05    0.00    0.00    0.00    0.00    0.00    0.00   16.16

15:13:49     CPU    %usr   %nice    %sys %iowait    %irq   %soft  %steal  %guest  %gnice   %idle
15:13:50     all   76.98    0.00    7.93    0.00    0.00    0.00    0.00    0.00    0.00   15.09
15:13:50       0   80.00    0.00    9.47    0.00    0.00    0.00    0.00    0.00    0.00   10.53
15:13:50       1   76.53    0.00    9.18    0.00    0.00    0.00    0.00    0.00    0.00   14.29
15:13:50       2   73.74    0.00    7.07    0.00    0.00    0.00    0.00    0.00    0.00   19.19
15:13:50       3   77.78    0.00    6.06    0.00    0.00    0.00    0.00    0.00    0.00   16.16

15:13:50     CPU    %usr   %nice    %sys %iowait    %irq   %soft  %steal  %guest  %gnice   %idle
15:13:51     all   78.25    0.00    9.75    0.00    0.00    0.00    0.00    0.00    0.00   12.00
15:13:51       0   80.81    0.00    4.04    0.00    0.00    0.00    0.00    0.00    0.00   15.15
15:13:51       1   77.23    0.00   13.86    0.00    0.00    0.00    0.00    0.00    0.00    8.91
15:13:51       2   73.27    0.00   15.84    0.00    0.00    0.00    0.00    0.00    0.00   10.89
15:13:51       3   81.82    0.00    5.05    0.00    0.00    0.00    0.00    0.00    0.00   13.13

15:13:51     CPU    %usr   %nice    %sys %iowait    %irq   %soft  %steal  %guest  %gnice   %idle
15:13:52     all   75.13    0.00    9.49    0.00    0.00    0.00    0.00    0.00    0.00   15.38
15:13:52       0   79.38    0.00    7.22    0.00    0.00    0.00    0.00    0.00    0.00   13.40
15:13:52       1   74.75    0.00   13.13    0.00    0.00    0.00    0.00    0.00    0.00   12.12
15:13:52       2   67.37    0.00   11.58    0.00    0.00    0.00    0.00    0.00    0.00   21.05
15:13:52       3   78.79    0.00    6.06    0.00    0.00    0.00    0.00    0.00    0.00   15.15

15:13:52     CPU    %usr   %nice    %sys %iowait    %irq   %soft  %steal  %guest  %gnice   %idle
15:13:53     all   75.38    0.00    8.21    0.00    0.00    0.00    0.00    0.00    0.00   16.41
15:13:53       0   75.53    0.00    7.45    0.00    0.00    0.00    0.00    0.00    0.00   17.02
15:13:53       1   73.20    0.00   10.31    0.00    0.00    0.00    0.00    0.00    0.00   16.49
15:13:53       2   79.21    0.00    4.95    0.00    0.00    0.00    0.00    0.00    0.00   15.84
15:13:53       3   73.47    0.00   10.20    0.00    0.00    0.00    0.00    0.00    0.00   16.33

15:13:53     CPU    %usr   %nice    %sys %iowait    %irq   %soft  %steal  %guest  %gnice   %idle
15:13:54     all   76.92    0.00    8.21    0.00    0.00    0.00    0.00    0.00    0.00   14.87
15:13:54       0   79.38    0.00    9.28    0.00    0.00    0.00    0.00    0.00    0.00   11.34
15:13:54       1   72.73    0.00   11.11    0.00    0.00    0.00    0.00    0.00    0.00   16.16
15:13:54       2   73.20    0.00    9.28    0.00    0.00    0.00    0.00    0.00    0.00   17.53
15:13:54       3   82.47    0.00    3.09    0.00    0.00    0.00    0.00    0.00    0.00   14.43

15:13:54     CPU    %usr   %nice    %sys %iowait    %irq   %soft  %steal  %guest  %gnice   %idle
15:13:55     all   76.49    0.00    8.01    0.00    0.00    0.00    0.00    0.00    0.00   15.50
15:13:55       0   81.44    0.00    4.12    0.00    0.00    0.00    0.00    0.00    0.00   14.43
15:13:55       1   73.47    0.00   10.20    0.00    0.00    0.00    0.00    0.00    0.00   16.33
15:13:55       2   83.51    0.00    3.09    0.00    0.00    0.00    0.00    0.00    0.00   13.40
15:13:55       3   67.37    0.00   14.74    0.00    0.00    0.00    0.00    0.00    0.00   17.89

15:13:55     CPU    %usr   %nice    %sys %iowait    %irq   %soft  %steal  %guest  %gnice   %idle
15:13:56     all   75.84    0.00    7.71    0.00    0.00    0.00    0.00    0.00    0.00   16.45
15:13:56       0   70.83    0.00    9.38    0.00    0.00    0.00    0.00    0.00    0.00   19.79
15:13:56       1   74.00    0.00   10.00    0.00    0.00    0.00    0.00    0.00    0.00   16.00
15:13:56       2   80.81    0.00    7.07    0.00    0.00    0.00    0.00    0.00    0.00   12.12
15:13:56       3   77.66    0.00    4.26    0.00    0.00    0.00    0.00    0.00    0.00   18.09

15:13:56     CPU    %usr   %nice    %sys %iowait    %irq   %soft  %steal  %guest  %gnice   %idle
15:13:57     all   76.46    0.00    9.11    0.00    0.00    0.00    0.00    0.00    0.00   14.43
15:13:57       0   81.82    0.00    8.08    0.00    0.00    0.00    0.00    0.00    0.00   10.10
15:13:57       1   69.70    0.00   15.15    0.00    0.00    0.00    0.00    0.00    0.00   15.15
15:13:57       2   82.83    0.00    3.03    0.00    0.00    0.00    0.00    0.00    0.00   14.14
15:13:57       3   71.43    0.00   10.20    0.00    0.00    0.00    0.00    0.00    0.00   18.37

15:13:57     CPU    %usr   %nice    %sys %iowait    %irq   %soft  %steal  %guest  %gnice   %idle
15:13:58     all   76.86    0.00    8.74    0.00    0.00    0.00    0.00    0.00    0.00   14.40
15:13:58       0   81.82    0.00    7.07    0.00    0.00    0.00    0.00    0.00    0.00   11.11
15:13:58       1   78.35    0.00    8.25    0.00    0.00    0.00    0.00    0.00    0.00   13.40
15:13:58       2   72.16    0.00   11.34    0.00    0.00    0.00    0.00    0.00    0.00   16.49
15:13:58       3   75.00    0.00    8.33    0.00    0.00    0.00    0.00    0.00    0.00   16.67

15:13:58     CPU    %usr   %nice    %sys %iowait    %irq   %soft  %steal  %guest  %gnice   %idle
15:13:59     all   76.65    0.00    7.87    0.00    0.00    0.00    0.00    0.00    0.00   15.48
15:13:59       0   82.65    0.00    4.08    0.00    0.00    0.00    0.00    0.00    0.00   13.27
15:13:59       1   77.78    0.00    9.09    0.00    0.00    0.00    0.00    0.00    0.00   13.13
15:13:59       2   69.70    0.00   10.10    0.00    0.00    0.00    0.00    0.00    0.00   20.20
15:13:59       3   76.53    0.00    8.16    0.00    0.00    0.00    0.00    0.00    0.00   15.31

15:13:59     CPU    %usr   %nice    %sys %iowait    %irq   %soft  %steal  %guest  %gnice   %idle
15:14:00     all   76.34    0.00    8.91    0.00    0.00    0.00    0.00    0.00    0.00   14.76
15:14:00       0   75.51    0.00   10.20    0.00    0.00    0.00    0.00    0.00    0.00   14.29
15:14:00       1   73.47    0.00    9.18    0.00    0.00    0.00    0.00    0.00    0.00   17.35
15:14:00       2   79.80    0.00    8.08    0.00    0.00    0.00    0.00    0.00    0.00   12.12
15:14:00       3   76.53    0.00    8.16    0.00    0.00    0.00    0.00    0.00    0.00   15.31

15:14:00     CPU    %usr   %nice    %sys %iowait    %irq   %soft  %steal  %guest  %gnice   %idle
15:14:01     all   77.69    0.00    7.69    0.00    0.00    0.00    0.00    0.00    0.00   14.62
15:14:01       0   80.61    0.00    7.14    0.00    0.00    0.00    0.00    0.00    0.00   12.24
15:14:01       1   80.00    0.00    3.16    0.00    0.00    0.00    0.00    0.00    0.00   16.84
15:14:01       2   70.41    0.00   14.29    0.00    0.00    0.00    0.00    0.00    0.00   15.31
15:14:01       3   79.80    0.00    6.06    0.00    0.00    0.00    0.00    0.00    0.00   14.14

15:14:01     CPU    %usr   %nice    %sys %iowait    %irq   %soft  %steal  %guest  %gnice   %idle
15:14:02     all   74.62    0.00    8.21    0.00    0.00    0.00    0.00    0.00    0.00   17.18
15:14:02       0   65.31    0.00   17.35    0.00    0.00    0.00    0.00    0.00    0.00   17.35
15:14:02       1   82.83    0.00    2.02    0.00    0.00    0.00    0.00    0.00    0.00   15.15
15:14:02       2   77.32    0.00    6.19    0.00    0.00    0.00    0.00    0.00    0.00   16.49
15:14:02       3   72.92    0.00    7.29    0.00    0.00    0.00    0.00    0.00    0.00   19.79

15:14:02     CPU    %usr   %nice    %sys %iowait    %irq   %soft  %steal  %guest  %gnice   %idle
15:14:03     all   77.61    0.00    8.65    0.00    0.00    0.00    0.00    0.00    0.00   13.74
15:14:03       0   75.26    0.00    9.28    0.00    0.00    0.00    0.00    0.00    0.00   15.46
15:14:03       1   75.76    0.00   13.13    0.00    0.00    0.00    0.00    0.00    0.00   11.11
15:14:03       2   80.81    0.00    3.03    0.00    0.00    0.00    0.00    0.00    0.00   16.16
15:14:03       3   78.57    0.00    9.18    0.00    0.00    0.00    0.00    0.00    0.00   12.24

15:14:03     CPU    %usr   %nice    %sys %iowait    %irq   %soft  %steal  %guest  %gnice   %idle
15:14:04     all   75.13    0.00    7.69    0.00    0.00    0.00    0.00    0.00    0.00   17.18
15:14:04       0   80.41    0.00    4.12    0.00    0.00    0.00    0.00    0.00    0.00   15.46
15:14:04       1   65.98    0.00   13.40    0.00    0.00    0.00    0.00    0.00    0.00   20.62
15:14:04       2   71.43    0.00   10.20    0.00    0.00    0.00    0.00    0.00    0.00   18.37
15:14:04       3   82.65    0.00    3.06    0.00    0.00    0.00    0.00    0.00    0.00   14.29

15:14:04     CPU    %usr   %nice    %sys %iowait    %irq   %soft  %steal  %guest  %gnice   %idle
15:14:05     all   74.11    0.00   10.15    0.00    0.00    0.00    0.00    0.00    0.00   15.74
15:14:05       0   78.35    0.00    4.12    0.00    0.00    0.00    0.00    0.00    0.00   17.53
15:14:05       1   69.07    0.00   17.53    0.00    0.00    0.00    0.00    0.00    0.00   13.40
15:14:05       2   76.77    0.00    6.06    0.00    0.00    0.00    0.00    0.00    0.00   17.17
15:14:05       3   72.28    0.00   12.87    0.00    0.00    0.00    0.00    0.00    0.00   14.85

15:14:05     CPU    %usr   %nice    %sys %iowait    %irq   %soft  %steal  %guest  %gnice   %idle
15:14:06     all   77.32    0.00    7.22    0.00    0.00    0.00    0.00    0.00    0.00   15.46
15:14:06       0   74.47    0.00   11.70    0.00    0.00    0.00    0.00    0.00    0.00   13.83
15:14:06       1   77.55    0.00    4.08    0.00    0.00    0.00    0.00    0.00    0.00   18.37
15:14:06       2   85.71    0.00    5.10    0.00    0.00    0.00    0.00    0.00    0.00    9.18
15:14:06       3   71.43    0.00    8.16    0.00    0.00    0.00    0.00    0.00    0.00   20.41

15:14:06     CPU    %usr   %nice    %sys %iowait    %irq   %soft  %steal  %guest  %gnice   %idle
15:14:07     all   78.32    0.00    6.89    0.00    0.00    0.00    0.00    0.00    0.00   14.80
15:14:07       0   80.41    0.00    3.09    0.00    0.00    0.00    0.00    0.00    0.00   16.49
15:14:07       1   81.63    0.00    4.08    0.00    0.00    0.00    0.00    0.00    0.00   14.29
15:14:07       2   78.57    0.00    8.16    0.00    0.00    0.00    0.00    0.00    0.00   13.27
15:14:07       3   72.73    0.00   12.12    0.00    0.00    0.00    0.00    0.00    0.00   15.15

15:14:07     CPU    %usr   %nice    %sys %iowait    %irq   %soft  %steal  %guest  %gnice   %idle
15:14:08     all   76.08    0.00   10.43    0.00    0.00    0.00    0.00    0.00    0.00   13.49
15:14:08       0   79.59    0.00    8.16    0.00    0.00    0.00    0.00    0.00    0.00   12.24
15:14:08       1   72.45    0.00   11.22    0.00    0.00    0.00    0.00    0.00    0.00   16.33
15:14:08       2   76.77    0.00    9.09    0.00    0.00    0.00    0.00    0.00    0.00   14.14
15:14:08       3   75.51    0.00   13.27    0.00    0.00    0.00    0.00    0.00    0.00   11.22

15:14:08     CPU    %usr   %nice    %sys %iowait    %irq   %soft  %steal  %guest  %gnice   %idle
15:14:09     all   75.44    0.00    9.37    0.00    0.00    0.00    0.00    0.00    0.00   15.19
15:14:09       0   83.84    0.00    5.05    0.00    0.00    0.00    0.00    0.00    0.00   11.11
15:14:09       1   69.39    0.00   13.27    0.00    0.00    0.00    0.00    0.00    0.00   17.35
15:14:09       2   79.59    0.00    4.08    0.00    0.00    0.00    0.00    0.00    0.00   16.33
15:14:09       3   69.00    0.00   15.00    0.00    0.00    0.00    0.00    0.00    0.00   16.00

15:14:09     CPU    %usr   %nice    %sys %iowait    %irq   %soft  %steal  %guest  %gnice   %idle
15:14:10     all   75.83    0.00    9.92    0.00    0.00    0.00    0.00    0.00    0.00   14.25
15:14:10       0   79.80    0.00    7.07    0.00    0.00    0.00    0.00    0.00    0.00   13.13
15:14:10       1   82.65    0.00    4.08    0.00    0.00    0.00    0.00    0.00    0.00   13.27
15:14:10       2   78.79    0.00    7.07    0.00    0.00    0.00    0.00    0.00    0.00   14.14
15:14:10       3   61.86    0.00   21.65    0.00    0.00    0.00    0.00    0.00    0.00   16.49

15:14:10     CPU    %usr   %nice    %sys %iowait    %irq   %soft  %steal  %guest  %gnice   %idle
15:14:11     all   75.25    0.00   10.10    0.00    0.00    0.00    0.00    0.00    0.00   14.65
15:14:11       0   81.25    0.00    4.17    0.00    0.00    0.00    0.00    0.00    0.00   14.58
15:14:11       1   69.70    0.00   14.14    0.00    0.00    0.00    0.00    0.00    0.00   16.16
15:14:11       2   77.00    0.00    9.00    0.00    0.00    0.00    0.00    0.00    0.00   14.00
15:14:11       3   73.27    0.00   12.87    0.00    0.00    0.00    0.00    0.00    0.00   13.86

15:14:11     CPU    %usr   %nice    %sys %iowait    %irq   %soft  %steal  %guest  %gnice   %idle
15:14:12     all   77.49    0.00    8.70    0.00    0.00    0.00    0.00    0.00    0.00   13.81
15:14:12       0   76.53    0.00    9.18    0.00    0.00    0.00    0.00    0.00    0.00   14.29
15:14:12       1   74.47    0.00    7.45    0.00    0.00    0.00    0.00    0.00    0.00   18.09
15:14:12       2   81.00    0.00    8.00    0.00    0.00    0.00    0.00    0.00    0.00   11.00
15:14:12       3   77.78    0.00   10.10    0.00    0.00    0.00    0.00    0.00    0.00   12.12

15:14:12     CPU    %usr   %nice    %sys %iowait    %irq   %soft  %steal  %guest  %gnice   %idle
15:14:13     all   76.14    0.00    6.85    0.00    0.00    0.00    0.00    0.00    0.00   17.01
15:14:13       0   77.00    0.00    8.00    0.00    0.00    0.00    0.00    0.00    0.00   15.00
15:14:13       1   79.80    0.00    4.04    0.00    0.00    0.00    0.00    0.00    0.00   16.16
15:14:13       2   75.51    0.00    5.10    0.00    0.00    0.00    0.00    0.00    0.00   19.39
15:14:13       3   72.16    0.00   10.31    0.00    0.00    0.00    0.00    0.00    0.00   17.53

15:14:13     CPU    %usr   %nice    %sys %iowait    %irq   %soft  %steal  %guest  %gnice   %idle
15:14:14     all   75.32    0.00    8.91    0.00    0.00    0.00    0.00    0.00    0.00   15.78
15:14:14       0   77.08    0.00    8.33    0.00    0.00    0.00    0.00    0.00    0.00   14.58
15:14:14       1   71.00    0.00   12.00    0.00    0.00    0.00    0.00    0.00    0.00   17.00
15:14:14       2   80.61    0.00    6.12    0.00    0.00    0.00    0.00    0.00    0.00   13.27
15:14:14       3   72.73    0.00    9.09    0.00    0.00    0.00    0.00    0.00    0.00   18.18

15:14:14     CPU    %usr   %nice    %sys %iowait    %irq   %soft  %steal  %guest  %gnice   %idle
15:14:15     all   74.87    0.00    8.72    0.00    0.00    0.00    0.00    0.00    0.00   16.41
15:14:15       0   73.74    0.00   10.10    0.00    0.00    0.00    0.00    0.00    0.00   16.16
15:14:15       1   70.10    0.00   11.34    0.00    0.00    0.00    0.00    0.00    0.00   18.56
15:14:15       2   77.08    0.00    5.21    0.00    0.00    0.00    0.00    0.00    0.00   17.71
15:14:15       3   78.57    0.00    8.16    0.00    0.00    0.00    0.00    0.00    0.00   13.27

15:14:15     CPU    %usr   %nice    %sys %iowait    %irq   %soft  %steal  %guest  %gnice   %idle
15:14:16     all   76.26    0.00    6.82    0.00    0.00    0.00    0.00    0.00    0.00   16.92
15:14:16       0   79.38    0.00    6.19    0.00    0.00    0.00    0.00    0.00    0.00   14.43
15:14:16       1   76.00    0.00    6.00    0.00    0.00    0.00    0.00    0.00    0.00   18.00
15:14:16       2   75.25    0.00    7.92    0.00    0.00    0.00    0.00    0.00    0.00   16.83
15:14:16       3   74.49    0.00    7.14    0.00    0.00    0.00    0.00    0.00    0.00   18.37

15:14:16     CPU    %usr   %nice    %sys %iowait    %irq   %soft  %steal  %guest  %gnice   %idle
15:14:17     all   41.27    0.00   15.70    0.00    0.00    0.00    0.00    0.00    0.00   43.04
15:14:17       0   37.00    0.00   22.00    0.00    0.00    0.00    0.00    0.00    0.00   41.00
15:14:17       1   42.71    0.00    7.29    0.00    0.00    0.00    0.00    0.00    0.00   50.00
15:14:17       2   44.00    0.00   14.00    0.00    0.00    0.00    0.00    0.00    0.00   42.00
15:14:17       3   41.41    0.00   19.19    0.00    0.00    0.00    0.00    0.00    0.00   39.39

15:14:17     CPU    %usr   %nice    %sys %iowait    %irq   %soft  %steal  %guest  %gnice   %idle
15:14:18     all    0.00    0.00    0.25    0.00    0.00    0.00    0.00    0.00    0.00   99.75
15:14:18       0    0.00    0.00    0.00    0.00    0.00    0.00    0.00    0.00    0.00  100.00
15:14:18       1    0.00    0.00    0.00    0.00    0.00    0.00    0.00    0.00    0.00  100.00
15:14:18       2    0.00    0.00    1.01    0.00    0.00    0.00    0.00    0.00    0.00   98.99
15:14:18       3    0.00    0.00    0.00    0.00    0.00    0.00    0.00    0.00    0.00  100.00
