Linux 5.15.36-xilinx-v2022.2 (xilinx-zcu102-20222) 	09/01/26 	_aarch64_	(4 CPU)

# Time        UID       PID    %usr %system  %guest   %wait    %CPU   CPU  Command
14:07:31        0   1692866   50.00   43.00    0.00    0.00   93.00     2  stream_pipeline
14:07:32        0   1692866   52.00   20.00    0.00    0.00   72.00     2  stream_pipeline
14:07:33        0   1692866   51.00   13.00    0.00    0.00   64.00     2  stream_pipeline
14:07:34        0   1692866   52.00   18.00    0.00    0.00   70.00     2  stream_pipeline
14:07:35        0   1692866   54.00   17.00    0.00    0.00   71.00     2  stream_pipeline
14:07:36        0   1692866   50.00   16.00    0.00    0.00   66.00     2  stream_pipeline
14:07:37        0   1692866   53.00   20.00    0.00    0.00   73.00     2  stream_pipeline
14:07:38        0   1692866   49.00   20.00    0.00    0.00   69.00     2  stream_pipeline
14:07:39        0   1692866   52.00   18.00    0.00    0.00   70.00     2  stream_pipeline
14:07:40        0   1692866   53.00   12.00    0.00    0.00   65.00     2  stream_pipeline
14:07:41        0   1692866   52.00   14.00    0.00    0.00   66.00     2  stream_pipeline
14:07:42        0   1692866   48.00   19.00    0.00    0.00   67.00     2  stream_pipeline
14:07:43        0   1692866   52.00   13.00    0.00    0.00   65.00     2  stream_pipeline
14:07:44        0   1692866   53.00   14.00    0.00    0.00   67.00     2  stream_pipeline
14:07:45        0   1692866   50.00   20.00    0.00    0.00   70.00     2  stream_pipeline
14:07:46        0   1692866   50.00   18.00    0.00    0.00   68.00     2  stream_pipeline
14:07:47        0   1692866   52.00   13.00    0.00    0.00   65.00     2  stream_pipeline
14:07:48        0   1692866   48.00   18.00    0.00    0.00   66.00     2  stream_pipeline
14:07:49        0   1692866   51.00   19.00    0.00    0.00   70.00     2  stream_pipeline
14:07:50        0   1692866   51.00   12.00    0.00    0.00   63.00     2  stream_pipeline
14:07:51        0   1692866   50.00   20.00    0.00    0.00   70.00     2  stream_pipeline
14:07:52        0   1692866   51.00   16.00    0.00    0.00   67.00     2  stream_pipeline
14:07:53        0   1692866   53.00   15.00    0.00    0.00   68.00     2  stream_pipeline
14:07:54        0   1692866   51.00   13.00    0.00    0.00   64.00     2  stream_pipeline
14:07:55        0   1692866   58.00   11.00    0.00    0.00   69.00     2  stream_pipeline
14:07:56        0   1692866   50.00   19.00    0.00    0.00   69.00     2  stream_pipeline
14:07:57        0   1692866   52.00   13.00    0.00    0.00   65.00     2  stream_pipeline
14:07:58        0   1692866   52.00   15.00    0.00    0.00   67.00     2  stream_pipeline
14:07:59        0   1692866   53.00   14.00    0.00    0.00   67.00     2  stream_pipeline
14:08:00        0   1692866   56.00   13.00    0.00    0.00   69.00     2  stream_pipeline
14:08:01        0   1692866   51.00   12.00    0.00    0.00   63.00     2  stream_pipeline
14:08:02        0   1692866   51.00   21.00    0.00    0.00   72.00     2  stream_pipeline
14:08:03        0   1692866   51.00   16.00    0.00    0.00   67.00     2  stream_pipeline
14:08:04        0   1692866   48.00   16.00    0.00    0.00   64.00     2  stream_pipeline
14:08:05        0   1692866   52.00   15.00    0.00    0.00   67.00     2  stream_pipeline
14:08:06        0   1692866   52.00   18.00    0.00    0.00   70.00     2  stream_pipeline
14:08:07        0   1692866   53.00   14.00    0.00    0.00   67.00     2  stream_pipeline
14:08:08        0   1692866   53.00   13.00    0.00    0.00   66.00     2  stream_pipeline
14:08:09        0   1692866   55.00   12.00    0.00    0.00   67.00     2  stream_pipeline
14:08:10        0   1692866   53.00   16.00    0.00    0.00   69.00     2  stream_pipeline
14:08:11        0   1692866   50.00   15.00    0.00    0.00   65.00     2  stream_pipeline
14:08:12        0   1692866   51.00   18.00    0.00    0.00   69.00     2  stream_pipeline
14:08:13        0   1692866   51.00   21.00    0.00    0.00   72.00     2  stream_pipeline
14:08:14        0   1692866   51.00   12.00    0.00    0.00   63.00     2  stream_pipeline
14:08:15        0   1692866   46.00   19.00    0.00    0.00   65.00     2  stream_pipeline
14:08:16        0   1692866   55.00   15.00    0.00    0.00   70.00     2  stream_pipeline
14:08:17        0   1692866   52.00   17.00    0.00    0.00   69.00     2  stream_pipeline
14:08:18        0   1692866   49.00   13.00    0.00    0.00   62.00     2  stream_pipeline
14:08:19        0   1692866   56.00   15.00    0.00    0.00   71.00     2  stream_pipeline
14:08:20        0   1692866   57.00   13.00    0.00    0.00   70.00     2  stream_pipeline
14:08:21        0   1692866   48.00   16.00    0.00    0.00   64.00     2  stream_pipeline
14:08:22        0   1692866   50.00   16.00    0.00    0.00   66.00     2  stream_pipeline
14:08:23        0   1692866   53.00   15.00    0.00    0.00   68.00     2  stream_pipeline
14:08:24        0   1692866   51.00   20.00    0.00    0.00   71.00     2  stream_pipeline
14:08:25        0   1692866   47.00   16.00    0.00    0.00   63.00     2  stream_pipeline
14:08:26        0   1692866   53.00   14.00    0.00    0.00   67.00     2  stream_pipeline
14:08:27        0   1692866   50.00   18.00    0.00    0.00   68.00     2  stream_pipeline
14:08:28        0   1692866   52.00   12.00    0.00    0.00   64.00     2  stream_pipeline
14:08:29        0   1692866   52.00   17.00    0.00    0.00   69.00     2  stream_pipeline
14:08:30        0   1692866   53.00   17.00    0.00    0.00   70.00     2  stream_pipeline
14:08:31        0   1692866   54.00   15.00    0.00    0.00   69.00     2  stream_pipeline
14:08:32        0   1692866   47.00   15.00    0.00    0.00   62.00     2  stream_pipeline
14:08:33        0   1692866   53.00   15.00    0.00    0.00   68.00     2  stream_pipeline
14:08:34        0   1692866   54.00   14.00    0.00    0.00   68.00     2  stream_pipeline
14:08:35        0   1692866   53.00   12.00    0.00    0.00   65.00     2  stream_pipeline
14:08:36        0   1692866   55.00   14.00    0.00    0.00   69.00     2  stream_pipeline
14:08:37        0   1692866   52.00   17.00    0.00    0.00   69.00     2  stream_pipeline
14:08:38        0   1692866   53.00   15.00    0.00    0.00   68.00     2  stream_pipeline
14:08:39        0   1692866   49.00   15.00    0.00    0.00   64.00     2  stream_pipeline
14:08:40        0   1692866   55.00   15.00    0.00    0.00   70.00     2  stream_pipeline
14:08:41        0   1692866   52.48   14.85    0.00    0.00   67.33     2  stream_pipeline
14:08:42        0   1692866   48.00   15.00    0.00    0.00   63.00     2  stream_pipeline
14:08:43        0   1692866   56.00   14.00    0.00    0.00   70.00     2  stream_pipeline
14:08:44        0   1692866   54.00   14.00    0.00    0.00   68.00     2  stream_pipeline
14:08:45        0   1692866   49.00   16.00    0.00    0.00   65.00     2  stream_pipeline
14:08:46        0   1692866   50.00   16.00    0.00    0.00   66.00     2  stream_pipeline
14:08:47        0   1692866   52.00   20.00    0.00    0.00   72.00     2  stream_pipeline
14:08:48        0   1692866   53.00   15.00    0.00    0.00   68.00     2  stream_pipeline
14:08:49        0   1692866   46.00   17.00    0.00    0.00   63.00     2  stream_pipeline
14:08:50        0   1692866   51.00   15.00    0.00    0.00   66.00     2  stream_pipeline
14:08:51        0   1692866   53.00   16.00    0.00    0.00   69.00     2  stream_pipeline
14:08:52        0   1692866   55.00    9.00    0.00    0.00   64.00     2  stream_pipeline
14:08:53        0   1692866   53.00   18.00    0.00    0.00   71.00     2  stream_pipeline
14:08:54        0   1692866   53.00   17.00    0.00    0.00   70.00     2  stream_pipeline
14:08:55        0   1692866   48.00   18.00    0.00    0.00   66.00     2  stream_pipeline
14:08:56        0   1692866   52.00   12.00    0.00    0.00   64.00     2  stream_pipeline
14:08:57        0   1692866   52.00   17.00    0.00    0.00   69.00     2  stream_pipeline
14:08:58        0   1692866   52.00   19.00    0.00    0.00   71.00     2  stream_pipeline
14:08:59        0   1692866   46.00   18.00    0.00    0.00   64.00     2  stream_pipeline
14:09:00        0   1692866   49.00   18.00    0.00    0.00   67.00     2  stream_pipeline
14:09:01        0   1692866   49.00   18.00    0.00    0.00   67.00     2  stream_pipeline
14:09:02        0   1692866   50.00   17.00    0.00    0.00   67.00     2  stream_pipeline
14:09:03        0   1692866   51.00   15.00    0.00    0.00   66.00     2  stream_pipeline
14:09:04        0   1692866   50.00   21.00    0.00    0.00   71.00     2  stream_pipeline
14:09:05        0   1692866   53.00   15.00    0.00    0.00   68.00     2  stream_pipeline
14:09:06        0   1692866   54.00   10.00    0.00    0.00   64.00     2  stream_pipeline
14:09:07        0   1692866   52.00   16.00    0.00    0.00   68.00     2  stream_pipeline
14:09:08        0   1692866   51.00   16.00    0.00    0.00   67.00     2  stream_pipeline
14:09:09        0   1692866   55.00   17.00    0.00    0.00   72.00     2  stream_pipeline
14:09:10        0   1692866   51.00   14.00    0.00    0.00   65.00     2  stream_pipeline
14:09:11        0   1692866   48.00   19.00    0.00    0.00   67.00     2  stream_pipeline
14:09:12        0   1692866   50.00   18.00    0.00    0.00   68.00     2  stream_pipeline
14:09:13        0   1692866   48.00   16.00    0.00    0.00   64.00     2  stream_pipeline
14:09:14        0   1692866   50.00   17.00    0.00    0.00   67.00     2  stream_pipeline
14:09:15        0   1692866   54.00   17.00    0.00    0.00   71.00     2  stream_pipeline
14:09:16        0   1692866   52.00   14.00    0.00    0.00   66.00     2  stream_pipeline
14:09:17        0   1692866   54.00   12.00    0.00    0.00   66.00     2  stream_pipeline
14:09:18        0   1692866   54.00   14.00    0.00    0.00   68.00     2  stream_pipeline
14:09:19        0   1692866   53.00   15.00    0.00    0.00   68.00     2  stream_pipeline
14:09:20        0   1692866   50.00   14.00    0.00    0.00   64.00     2  stream_pipeline
14:09:21        0   1692866   52.00   20.00    0.00    0.00   72.00     2  stream_pipeline
14:09:22        0   1692866   50.00   16.00    0.00    0.00   66.00     2  stream_pipeline
14:09:23        0   1692866   46.00   17.00    0.00    0.00   63.00     2  stream_pipeline
14:09:24        0   1692866   50.00   17.00    0.00    0.00   67.00     2  stream_pipeline
14:09:25        0   1692866   53.00   16.00    0.00    0.00   69.00     2  stream_pipeline
14:09:26        0   1692866   57.00   13.00    0.00    0.00   70.00     2  stream_pipeline
14:09:27        0   1692866   50.00   14.00    0.00    0.00   64.00     2  stream_pipeline
14:09:28        0   1692866   53.00   17.00    0.00    0.00   70.00     2  stream_pipeline
14:09:29        0   1692866   50.00   16.00    0.00    0.00   66.00     2  stream_pipeline
14:09:30        0   1692866   51.00   13.00    0.00    0.00   64.00     2  stream_pipeline
14:09:31        0   1692866   51.00   17.00    0.00    0.00   68.00     2  stream_pipeline
14:09:32        0   1692866   52.00   19.00    0.00    0.00   71.00     2  stream_pipeline
14:09:33        0   1692866   56.00   13.00    0.00    0.00   69.00     2  stream_pipeline
14:09:34        0   1692866   51.00   13.00    0.00    0.00   64.00     2  stream_pipeline
14:09:35        0   1692866   49.00   17.00    0.00    0.00   66.00     2  stream_pipeline
14:09:36        0   1692866   52.00   18.00    0.00    0.00   70.00     2  stream_pipeline
14:09:37        0   1692866   52.00   10.00    0.00    0.00   62.00     2  stream_pipeline
14:09:38        0   1692866   53.00   18.00    0.00    0.00   71.00     2  stream_pipeline
14:09:39        0   1692866   46.00   21.00    0.00    0.00   67.00     2  stream_pipeline
14:09:40        0   1692866   52.00   17.00    0.00    0.00   69.00     2  stream_pipeline
14:09:41        0   1692866   51.00   12.00    0.00    0.00   63.00     2  stream_pipeline
14:09:42        0   1692866   52.00   15.00    0.00    0.00   67.00     2  stream_pipeline
14:09:43        0   1692866   54.00   18.00    0.00    0.00   72.00     2  stream_pipeline
14:09:44        0   1692866   47.00   17.00    0.00    0.00   64.00     2  stream_pipeline
14:09:45        0   1692866   52.00   16.00    0.00    0.00   68.00     2  stream_pipeline
14:09:46        0   1692866   53.00   14.00    0.00    0.00   67.00     2  stream_pipeline
14:09:47        0   1692866   54.00   15.00    0.00    0.00   69.00     2  stream_pipeline
14:09:48        0   1692866   49.00   14.00    0.00    0.00   63.00     2  stream_pipeline
14:09:49        0   1692866   55.00   16.00    0.00    0.00   71.00     2  stream_pipeline
14:09:50        0   1692866   53.00   15.00    0.00    0.00   68.00     2  stream_pipeline
14:09:51        0   1692866   51.00   14.00    0.00    0.00   65.00     2  stream_pipeline
14:09:52        0   1692866   54.00   13.00    0.00    0.00   67.00     2  stream_pipeline
14:09:53        0   1692866   52.00   18.00    0.00    0.00   70.00     2  stream_pipeline
14:09:54        0   1692866   52.00   16.00    0.00    0.00   68.00     2  stream_pipeline
14:09:55        0   1692866   50.00   14.00    0.00    0.00   64.00     2  stream_pipeline
14:09:56        0   1692866   52.00   15.00    0.00    0.00   67.00     2  stream_pipeline
14:09:57        0   1692866   51.00   17.00    0.00    0.00   68.00     2  stream_pipeline
14:09:58        0   1692866   49.00   17.00    0.00    0.00   66.00     2  stream_pipeline
14:09:59        0   1692866   51.00   17.00    0.00    0.00   68.00     2  stream_pipeline
14:10:00        0   1692866   52.00   18.00    0.00    0.00   70.00     2  stream_pipeline
14:10:01        0   1692866   52.00   14.00    0.00    0.00   66.00     2  stream_pipeline
14:10:02        0   1692866   50.00   16.00    0.00    0.00   66.00     2  stream_pipeline
14:10:03        0   1692866   54.00   14.00    0.00    0.00   68.00     2  stream_pipeline
14:10:04        0   1692866   52.00   16.00    0.00    0.00   68.00     2  stream_pipeline
14:10:05        0   1692866   49.00   15.00    0.00    0.00   64.00     2  stream_pipeline
14:10:06        0   1692866   55.00   16.00    0.00    0.00   71.00     2  stream_pipeline
14:10:07        0   1692866   51.00   16.00    0.00    0.00   67.00     2  stream_pipeline
14:10:08        0   1692866   49.00   16.00    0.00    0.00   65.00     2  stream_pipeline
14:10:09        0   1692866   54.00   15.00    0.00    0.00   69.00     2  stream_pipeline
14:10:10        0   1692866   51.00   18.00    0.00    0.00   69.00     2  stream_pipeline
14:10:11        0   1692866   52.00   17.00    0.00    0.00   69.00     2  stream_pipeline
14:10:12        0   1692866   46.00   18.00    0.00    0.00   64.00     2  stream_pipeline
14:10:13        0   1692866   52.00   15.00    0.00    0.00   67.00     2  stream_pipeline
14:10:14        0   1692866   48.00   19.00    0.00    0.00   67.00     2  stream_pipeline
14:10:15        0   1692866   51.00   13.00    0.00    0.00   64.00     2  stream_pipeline
14:10:16        0   1692866   53.00   16.00    0.00    0.00   69.00     2  stream_pipeline
14:10:17        0   1692866   53.00   18.00    0.00    0.00   71.00     2  stream_pipeline
14:10:18        0   1692866   53.00   16.00    0.00    0.00   69.00     2  stream_pipeline
14:10:19        0   1692866   46.00   16.00    0.00    0.00   62.00     2  stream_pipeline
14:10:20        0   1692866   53.00   16.00    0.00    0.00   69.00     2  stream_pipeline
14:10:21        0   1692866   53.00   16.00    0.00    0.00   69.00     2  stream_pipeline
14:10:22        0   1692866   48.00   15.00    0.00    0.00   63.00     2  stream_pipeline
14:10:23        0   1692866   51.00   19.00    0.00    0.00   70.00     2  stream_pipeline
14:10:24        0   1692866   55.00   14.00    0.00    0.00   69.00     2  stream_pipeline
14:10:25        0   1692866   50.00   16.00    0.00    0.00   66.00     2  stream_pipeline
14:10:26        0   1692866   48.00   16.00    0.00    0.00   64.00     2  stream_pipeline
14:10:27        0   1692866   51.00   18.00    0.00    0.00   69.00     2  stream_pipeline
14:10:28        0   1692866   55.00   16.00    0.00    0.00   71.00     2  stream_pipeline
14:10:29        0   1692866   54.00   11.00    0.00    0.00   65.00     2  stream_pipeline
14:10:30        0   1692866   51.00   17.00    0.00    0.00   68.00     2  stream_pipeline
14:10:31        0   1692866   52.00   12.00    0.00    0.00   64.00     2  stream_pipeline
14:10:32        0   1692866   52.00   11.00    0.00    0.00   63.00     2  stream_pipeline
14:10:33        0   1692866   50.00   14.00    0.00    0.00   64.00     2  stream_pipeline
