Linux 5.15.36-xilinx-v2022.2 (xilinx-zcu102-20222) 	09/01/26 	_aarch64_	(4 CPU)

# Time        UID       PID    %usr %system  %guest   %wait    %CPU   CPU  Command
14:14:44        0   1693016   68.00   29.00    0.00    0.00   97.00     3  stream_pipeline
14:14:45        0   1693016   66.00   36.00    0.00    0.00  102.00     3  stream_pipeline
14:14:46        0   1693016   69.00   24.00    0.00    0.00   93.00     3  stream_pipeline
14:14:47        0   1693016   69.00   13.00    0.00    0.00   82.00     3  stream_pipeline
14:14:48        0   1693016   70.00   19.00    0.00    0.00   89.00     3  stream_pipeline
14:14:49        0   1693016   76.00   19.00    0.00    0.00   95.00     3  stream_pipeline
14:14:50        0   1693016   72.00   15.00    0.00    0.00   87.00     3  stream_pipeline
14:14:51        0   1693016   73.00   22.00    0.00    0.00   95.00     3  stream_pipeline
14:14:52        0   1693016   76.00   22.00    0.00    0.00   98.00     3  stream_pipeline
14:14:53        0   1693016   80.00   10.00    0.00    0.00   90.00     3  stream_pipeline
14:14:54        0   1693016   74.00   21.00    0.00    0.00   95.00     3  stream_pipeline
14:14:55        0   1693016   69.00   14.00    0.00    0.00   83.00     3  stream_pipeline
14:14:56        0   1693016   67.00   18.00    0.00    0.00   85.00     3  stream_pipeline
14:14:57        0   1693016   75.00   14.00    0.00    0.00   89.00     3  stream_pipeline
14:14:58        0   1693016   68.00   19.00    0.00    0.00   87.00     3  stream_pipeline
14:14:59        0   1693016   73.00   16.00    0.00    0.00   89.00     3  stream_pipeline
14:15:00        0   1693016   76.00   15.00    0.00    0.00   91.00     3  stream_pipeline
14:15:01        0   1693016   78.00   14.00    0.00    0.00   92.00     3  stream_pipeline
14:15:02        0   1693016   78.00   13.00    0.00    0.00   91.00     3  stream_pipeline
14:15:03        0   1693016   73.00   17.00    0.00    0.00   90.00     3  stream_pipeline
14:15:04        0   1693016   76.00   14.00    0.00    0.00   90.00     3  stream_pipeline
14:15:05        0   1693016   63.00   20.00    0.00    0.00   83.00     3  stream_pipeline
14:15:06        0   1693016   75.00   15.00    0.00    0.00   90.00     3  stream_pipeline
14:15:07        0   1693016   76.00   16.00    0.00    0.00   92.00     3  stream_pipeline
14:15:08        0   1693016   71.00   14.00    0.00    0.00   85.00     3  stream_pipeline
14:15:09        0   1693016   75.00   18.00    0.00    0.00   93.00     3  stream_pipeline
14:15:10        0   1693016   77.00   17.00    0.00    0.00   94.00     3  stream_pipeline
14:15:11        0   1693016   73.00   16.00    0.00    0.00   89.00     3  stream_pipeline
14:15:12        0   1693016   69.00   20.00    0.00    0.00   89.00     3  stream_pipeline
14:15:13        0   1693016   75.00   16.00    0.00    0.00   91.00     3  stream_pipeline
14:15:14        0   1693016   70.00   16.00    0.00    0.00   86.00     3  stream_pipeline
14:15:15        0   1693016   77.00   17.00    0.00    0.00   94.00     3  stream_pipeline
14:15:16        0   1693016   75.00   17.00    0.00    0.00   92.00     3  stream_pipeline
14:15:17        0   1693016   61.00   16.00    0.00    0.00   77.00     3  stream_pipeline
14:15:18        0   1693016   76.00   20.00    0.00    0.00   96.00     3  stream_pipeline
14:15:19        0   1693016   79.00   17.00    0.00    0.00   96.00     3  stream_pipeline
14:15:20        0   1693016   68.00   14.00    0.00    0.00   82.00     3  stream_pipeline
14:15:21        0   1693016   73.00   17.00    0.00    0.00   90.00     3  stream_pipeline
14:15:22        0   1693016   64.00   15.00    0.00    0.00   79.00     3  stream_pipeline
14:15:23        0   1693016   77.00   16.00    0.00    0.00   93.00     3  stream_pipeline
14:15:24        0   1693016   75.00   19.00    0.00    0.00   94.00     3  stream_pipeline
14:15:25        0   1693016   74.00   16.00    0.00    0.00   90.00     3  stream_pipeline
14:15:26        0   1693016   72.00   14.00    0.00    0.00   86.00     3  stream_pipeline
14:15:27        0   1693016   76.00   19.00    0.00    0.00   95.00     3  stream_pipeline
14:15:28        0   1693016   76.00   17.00    0.00    0.00   93.00     3  stream_pipeline
14:15:29        0   1693016   70.00   18.00    0.00    0.00   88.00     3  stream_pipeline
14:15:30        0   1693016   76.00   16.00    0.00    0.00   92.00     3  stream_pipeline
14:15:31        0   1693016   73.00   15.00    0.00    0.00   88.00     3  stream_pipeline
14:15:32        0   1693016   70.00   16.00    0.00    0.00   86.00     3  stream_pipeline
14:15:33        0   1693016   75.00   17.00    0.00    0.00   92.00     3  stream_pipeline
14:15:34        0   1693016   69.00   21.00    0.00    0.00   90.00     3  stream_pipeline
14:15:35        0   1693016   70.00   17.00    0.00    0.00   87.00     3  stream_pipeline
14:15:36        0   1693016   73.00   20.00    0.00    0.00   93.00     3  stream_pipeline
14:15:37        0   1693016   81.00   16.00    0.00    0.00   97.00     3  stream_pipeline
14:15:38        0   1693016   69.00   15.00    0.00    0.00   84.00     3  stream_pipeline
14:15:39        0   1693016   70.00   20.00    0.00    0.00   90.00     3  stream_pipeline
14:15:40        0   1693016   73.00   16.00    0.00    0.00   89.00     3  stream_pipeline
14:15:41        0   1693016   75.00   16.00    0.00    0.00   91.00     3  stream_pipeline
14:15:42        0   1693016   72.00   21.00    0.00    0.00   93.00     3  stream_pipeline
14:15:43        0   1693016   76.00   20.00    0.00    0.00   96.00     3  stream_pipeline
14:15:44        0   1693016   75.00   12.00    0.00    0.00   87.00     3  stream_pipeline
14:15:45        0   1693016   75.00   16.00    0.00    0.00   91.00     3  stream_pipeline
14:15:46        0   1693016   78.00   14.00    0.00    0.00   92.00     3  stream_pipeline
14:15:47        0   1693016   69.00   17.00    0.00    0.00   86.00     3  stream_pipeline
14:15:48        0   1693016   72.00   16.00    0.00    0.00   88.00     3  stream_pipeline
14:15:49        0   1693016   75.00   19.00    0.00    0.00   94.00     3  stream_pipeline
14:15:50        0   1693016   68.00   14.00    0.00    0.00   82.00     3  stream_pipeline
14:15:51        0   1693016   77.00   17.00    0.00    0.00   94.00     3  stream_pipeline
14:15:52        0   1693016   74.00   20.00    0.00    0.00   94.00     3  stream_pipeline
14:15:53        0   1693016   73.00   17.00    0.00    0.00   90.00     3  stream_pipeline
14:15:54        0   1693016   72.28   16.83    0.00    0.00   89.11     3  stream_pipeline
14:15:55        0   1693016   70.00   19.00    0.00    0.00   89.00     3  stream_pipeline
14:15:56        0   1693016   71.00   19.00    0.00    0.00   90.00     3  stream_pipeline
14:15:57        0   1693016   74.00   16.00    0.00    0.00   90.00     3  stream_pipeline
14:15:58        0   1693016   75.00   16.00    0.00    0.00   91.00     3  stream_pipeline
14:15:59        0   1693016   77.00   15.00    0.00    0.00   92.00     3  stream_pipeline
14:16:00        0   1693016   75.00   18.00    0.00    0.00   93.00     3  stream_pipeline
14:16:01        0   1693016   72.00   16.00    0.00    0.00   88.00     3  stream_pipeline
14:16:02        0   1693016   70.00   13.00    0.00    0.00   83.00     3  stream_pipeline
14:16:03        0   1693016   76.00   20.00    0.00    0.00   96.00     3  stream_pipeline
14:16:04        0   1693016   75.00   19.00    0.00    0.00   94.00     3  stream_pipeline
14:16:05        0   1693016   70.00   19.00    0.00    0.00   89.00     3  stream_pipeline
14:16:06        0   1693016   72.00   19.00    0.00    0.00   91.00     3  stream_pipeline
14:16:07        0   1693016   79.00   17.00    0.00    0.00   96.00     3  stream_pipeline
14:16:08        0   1693016   67.00   18.00    0.00    0.00   85.00     3  stream_pipeline
14:16:09        0   1693016   74.00   18.00    0.00    0.00   92.00     3  stream_pipeline
14:16:10        0   1693016   69.00   16.00    0.00    0.00   85.00     3  stream_pipeline
14:16:11        0   1693016   72.00   16.00    0.00    0.00   88.00     3  stream_pipeline
14:16:12        0   1693016   71.00   23.00    0.00    0.00   94.00     3  stream_pipeline
14:16:13        0   1693016   75.00   21.00    0.00    0.00   96.00     3  stream_pipeline
14:16:14        0   1693016   70.00   14.00    0.00    0.00   84.00     3  stream_pipeline
14:16:15        0   1693016   73.00   17.00    0.00    0.00   90.00     3  stream_pipeline
14:16:16        0   1693016   70.00   18.00    0.00    0.00   88.00     3  stream_pipeline
14:16:17        0   1693016   77.00   16.00    0.00    0.00   93.00     3  stream_pipeline
14:16:18        0   1693016   72.00   21.00    0.00    0.00   93.00     3  stream_pipeline
14:16:19        0   1693016   71.00   20.00    0.00    0.00   91.00     3  stream_pipeline
14:16:20        0   1693016   69.00   15.00    0.00    0.00   84.00     3  stream_pipeline
14:16:21        0   1693016   75.00   17.00    0.00    0.00   92.00     3  stream_pipeline
14:16:22        0   1693016   69.00   19.00    0.00    0.00   88.00     3  stream_pipeline
14:16:23        0   1693016   71.00   15.00    0.00    0.00   86.00     3  stream_pipeline
14:16:24        0   1693016   74.00   19.00    0.00    0.00   93.00     3  stream_pipeline
14:16:25        0   1693016   71.00   15.00    0.00    0.00   86.00     3  stream_pipeline
14:16:26        0   1693016   70.00   15.00    0.00    0.00   85.00     3  stream_pipeline
14:16:27        0   1693016   75.00   20.00    0.00    0.00   95.00     3  stream_pipeline
14:16:28        0   1693016   72.00   20.00    0.00    0.00   92.00     3  stream_pipeline
14:16:29        0   1693016   72.00   19.00    0.00    0.00   91.00     3  stream_pipeline
14:16:30        0   1693016   64.00   21.00    0.00    0.00   85.00     3  stream_pipeline
14:16:31        0   1693016   74.00   16.00    0.00    0.00   90.00     3  stream_pipeline
14:16:32        0   1693016   73.00   16.00    0.00    0.00   89.00     3  stream_pipeline
14:16:33        0   1693016   76.00   15.00    0.00    0.00   91.00     3  stream_pipeline
14:16:34        0   1693016   74.00   17.00    0.00    0.00   91.00     3  stream_pipeline
14:16:35        0   1693016   72.00   18.00    0.00    0.00   90.00     3  stream_pipeline
14:16:36        0   1693016   75.00   17.00    0.00    0.00   92.00     3  stream_pipeline
14:16:37        0   1693016   72.00   14.00    0.00    0.00   86.00     3  stream_pipeline
14:16:38        0   1693016   72.00   16.00    0.00    0.00   88.00     3  stream_pipeline
14:16:39        0   1693016   71.00   19.00    0.00    0.00   90.00     3  stream_pipeline
14:16:40        0   1693016   75.00   18.00    0.00    0.00   93.00     3  stream_pipeline
14:16:41        0   1693016   66.00   18.00    0.00    0.00   84.00     3  stream_pipeline
14:16:42        0   1693016   76.00   18.00    0.00    0.00   94.00     3  stream_pipeline
14:16:43        0   1693016   76.00   17.00    0.00    0.00   93.00     3  stream_pipeline
14:16:44        0   1693016   74.00   15.00    0.00    0.00   89.00     3  stream_pipeline
14:16:45        0   1693016   79.00   17.00    0.00    0.00   96.00     3  stream_pipeline
14:16:46        0   1693016   67.00   18.00    0.00    0.00   85.00     3  stream_pipeline
14:16:47        0   1693016   70.00   19.00    0.00    0.00   89.00     3  stream_pipeline
14:16:48        0   1693016   73.00   20.00    0.00    0.00   93.00     3  stream_pipeline
14:16:49        0   1693016   71.00   17.00    0.00    0.00   88.00     3  stream_pipeline
14:16:50        0   1693016   62.00   15.00    0.00    0.00   77.00     3  stream_pipeline
14:16:51        0   1693016   79.00   16.00    0.00    0.00   95.00     3  stream_pipeline
14:16:52        0   1693016   67.00   15.00    0.00    0.00   82.00     3  stream_pipeline
14:16:53        0   1693016   78.00   13.00    0.00    0.00   91.00     3  stream_pipeline
14:16:54        0   1693016   74.00   20.00    0.00    0.00   94.00     3  stream_pipeline
14:16:55        0   1693016   72.00   14.00    0.00    0.00   86.00     3  stream_pipeline
14:16:56        0   1693016   75.00   17.00    0.00    0.00   92.00     3  stream_pipeline
14:16:57        0   1693016   80.00   17.00    0.00    0.00   97.00     3  stream_pipeline
14:16:58        0   1693016   70.00   13.00    0.00    0.00   83.00     3  stream_pipeline
14:16:59        0   1693016   74.00   17.00    0.00    0.00   91.00     3  stream_pipeline
14:17:00        0   1693016   69.00   22.00    0.00    0.00   91.00     3  stream_pipeline
14:17:01        0   1693016   75.00   11.00    0.00    0.00   86.00     3  stream_pipeline
14:17:02        0   1693016   79.00   18.00    0.00    0.00   97.00     3  stream_pipeline
14:17:03        0   1693016   78.00   15.00    0.00    0.00   93.00     3  stream_pipeline
14:17:04        0   1693016   74.00   18.00    0.00    0.00   92.00     3  stream_pipeline
14:17:05        0   1693016   69.00   16.00    0.00    0.00   85.00     3  stream_pipeline
14:17:06        0   1693016   73.00   19.00    0.00    0.00   92.00     3  stream_pipeline
14:17:07        0   1693016   69.00   15.00    0.00    0.00   84.00     3  stream_pipeline
14:17:08        0   1693016   73.00   19.00    0.00    0.00   92.00     3  stream_pipeline
14:17:09        0   1693016   75.00   17.00    0.00    0.00   92.00     3  stream_pipeline
14:17:10        0   1693016   66.00   16.00    0.00    0.00   82.00     3  stream_pipeline
14:17:11        0   1693016   72.00   20.00    0.00    0.00   92.00     3  stream_pipeline
14:17:12        0   1693016   78.00   17.00    0.00    0.00   95.00     3  stream_pipeline
14:17:13        0   1693016   67.00   17.00    0.00    0.00   84.00     3  stream_pipeline
14:17:14        0   1693016   79.00   18.00    0.00    0.00   97.00     3  stream_pipeline
14:17:15        0   1693016   74.00   19.00    0.00    0.00   93.00     3  stream_pipeline
14:17:16        0   1693016   70.00   16.00    0.00    0.00   86.00     3  stream_pipeline
14:17:17        0   1693016   77.00   17.00    0.00    0.00   94.00     3  stream_pipeline
14:17:18        0   1693016   69.00   16.00    0.00    0.00   85.00     3  stream_pipeline
14:17:19        0   1693016   75.25   17.82    0.00    0.00   93.07     3  stream_pipeline
14:17:20        0   1693016   73.00   13.00    0.00    0.00   86.00     3  stream_pipeline
14:17:21        0   1693016   71.00   15.00    0.00    0.00   86.00     3  stream_pipeline
14:17:22        0   1693016   68.00   10.00    0.00    0.00   78.00     3  stream_pipeline
14:17:23        0   1693016   79.00   15.00    0.00    0.00   94.00     3  stream_pipeline
14:17:24        0   1693016   73.00   23.00    0.00    0.00   96.00     3  stream_pipeline
14:17:25        0   1693016   73.00   16.00    0.00    0.00   89.00     3  stream_pipeline
14:17:26        0   1693016   74.00   15.00    0.00    0.00   89.00     3  stream_pipeline
14:17:27        0   1693016   71.00   17.00    0.00    0.00   88.00     3  stream_pipeline
14:17:28        0   1693016   77.00   19.00    0.00    0.00   96.00     3  stream_pipeline
14:17:29        0   1693016   67.00   21.00    0.00    0.00   88.00     3  stream_pipeline
14:17:30        0   1693016   75.00   20.00    0.00    0.00   95.00     3  stream_pipeline
14:17:31        0   1693016   68.00   19.00    0.00    0.00   87.00     3  stream_pipeline
14:17:32        0   1693016   77.00   14.00    0.00    0.00   91.00     3  stream_pipeline
14:17:33        0   1693016   68.00   18.00    0.00    0.00   86.00     3  stream_pipeline
14:17:34        0   1693016   70.00   13.00    0.00    0.00   83.00     3  stream_pipeline
14:17:35        0   1693016   78.00   17.00    0.00    0.00   95.00     3  stream_pipeline
14:17:36        0   1693016   69.00   19.00    0.00    0.00   88.00     3  stream_pipeline
14:17:37        0   1693016   70.00   11.00    0.00    0.00   81.00     3  stream_pipeline
14:17:38        0   1693016   73.00   21.00    0.00    0.00   94.00     3  stream_pipeline
14:17:39        0   1693016   76.00   16.00    0.00    0.00   92.00     3  stream_pipeline
14:17:40        0   1693016   72.00   17.00    0.00    0.00   89.00     3  stream_pipeline
14:17:41        0   1693016   72.00   18.00    0.00    0.00   90.00     3  stream_pipeline
14:17:42        0   1693016   71.00   24.00    0.00    0.00   95.00     3  stream_pipeline
14:17:43        0   1693016   74.00   14.00    0.00    0.00   88.00     3  stream_pipeline
14:17:44        0   1693016   76.00   16.00    0.00    0.00   92.00     3  stream_pipeline
14:17:45        0   1693016   74.00   17.00    0.00    0.00   91.00     3  stream_pipeline
14:17:46        0   1693016   63.00   15.00    0.00    0.00   78.00     3  stream_pipeline
14:17:47        0   1693016   76.00   19.00    0.00    0.00   95.00     3  stream_pipeline
14:17:48        0   1693016   73.00   16.00    0.00    0.00   89.00     3  stream_pipeline
14:17:49        0   1693016   73.00   16.00    0.00    0.00   89.00     3  stream_pipeline
14:17:50        0   1693016   71.00   18.00    0.00    0.00   89.00     3  stream_pipeline
14:17:51        0   1693016   70.00   21.00    0.00    0.00   91.00     3  stream_pipeline
14:17:52        0   1693016   75.00   14.00    0.00    0.00   89.00     3  stream_pipeline
14:17:53        0   1693016   78.00   13.00    0.00    0.00   91.00     3  stream_pipeline
14:17:54        0   1693016   76.00   21.00    0.00    0.00   97.00     3  stream_pipeline
14:17:55        0   1693016   70.00   14.00    0.00    0.00   84.00     3  stream_pipeline
14:17:56        0   1693016   74.00   16.00    0.00    0.00   90.00     3  stream_pipeline
14:17:57        0   1693016   69.00   15.00    0.00    0.00   84.00     3  stream_pipeline
14:17:58        0   1693016   72.00   17.00    0.00    0.00   89.00     3  stream_pipeline
14:17:59        0   1693016   75.00   13.00    0.00    0.00   88.00     3  stream_pipeline
14:18:00        0   1693016   61.00   22.00    0.00    0.00   83.00     3  stream_pipeline
