Linux 5.15.36-xilinx-v2022.2 (xilinx-zcu102-20222) 	09/06/26 	_aarch64_	(4 CPU)

# Time        UID       PID    %usr %system  %guest   %wait    %CPU   CPU  Command
15:07:28        0   1740308    2.94    0.00    0.00    0.00    2.94     3  stream_pipeline

# Time        UID       PID    %usr %system  %guest   %wait    %CPU   CPU  Command
15:07:29        0   1740308   61.00   39.00    0.00    0.00  100.00     3  stream_pipeline

# Time        UID       PID    %usr %system  %guest   %wait    %CPU   CPU  Command
15:07:30        0   1740308   69.00   26.00    0.00    0.00   95.00     3  stream_pipeline

# Time        UID       PID    %usr %system  %guest   %wait    %CPU   CPU  Command
15:07:31        0   1740308   79.00   19.00    0.00    0.00   98.00     3  stream_pipeline

# Time        UID       PID    %usr %system  %guest   %wait    %CPU   CPU  Command
15:07:32        0   1740308   67.00   23.00    0.00    0.00   90.00     3  stream_pipeline

# Time        UID       PID    %usr %system  %guest   %wait    %CPU   CPU  Command
15:07:33        0   1740308   65.00   19.00    0.00    0.00   84.00     3  stream_pipeline

# Time        UID       PID    %usr %system  %guest   %wait    %CPU   CPU  Command
15:07:34        0   1740308   75.00   21.00    0.00    0.00   96.00     3  stream_pipeline

# Time        UID       PID    %usr %system  %guest   %wait    %CPU   CPU  Command
15:07:35        0   1740308   74.26   21.78    0.00    0.00   96.04     3  stream_pipeline

# Time        UID       PID    %usr %system  %guest   %wait    %CPU   CPU  Command
15:07:36        0   1740308   69.00   14.00    0.00    0.00   83.00     3  stream_pipeline

# Time        UID       PID    %usr %system  %guest   %wait    %CPU   CPU  Command
15:07:37        0   1740308   76.00   23.00    0.00    0.00   99.00     3  stream_pipeline

# Time        UID       PID    %usr %system  %guest   %wait    %CPU   CPU  Command
15:07:38        0   1740308   76.00   20.00    0.00    0.00   96.00     3  stream_pipeline

# Time        UID       PID    %usr %system  %guest   %wait    %CPU   CPU  Command
15:07:39        0   1740308   66.00   16.00    0.00    0.00   82.00     3  stream_pipeline

# Time        UID       PID    %usr %system  %guest   %wait    %CPU   CPU  Command
15:07:40        0   1740308   77.00   17.00    0.00    0.00   94.00     3  stream_pipeline

# Time        UID       PID    %usr %system  %guest   %wait    %CPU   CPU  Command
15:07:41        0   1740308   80.00   16.00    0.00    0.00   96.00     3  stream_pipeline

# Time        UID       PID    %usr %system  %guest   %wait    %CPU   CPU  Command
15:07:42        0   1740308   64.00   14.00    0.00    0.00   78.00     3  stream_pipeline

# Time        UID       PID    %usr %system  %guest   %wait    %CPU   CPU  Command
15:07:43        0   1740308   77.00   13.00    0.00    0.00   90.00     3  stream_pipeline

# Time        UID       PID    %usr %system  %guest   %wait    %CPU   CPU  Command
15:07:44        0   1740308   75.00   19.00    0.00    0.00   94.00     3  stream_pipeline

# Time        UID       PID    %usr %system  %guest   %wait    %CPU   CPU  Command
15:07:45        0   1740308   78.00   13.00    0.00    0.00   91.00     3  stream_pipeline

# Time        UID       PID    %usr %system  %guest   %wait    %CPU   CPU  Command
15:07:46        0   1740308   70.00   14.00    0.00    0.00   84.00     3  stream_pipeline

# Time        UID       PID    %usr %system  %guest   %wait    %CPU   CPU  Command
15:07:47        0   1740308   79.00   16.00    0.00    0.00   95.00     3  stream_pipeline

# Time        UID       PID    %usr %system  %guest   %wait    %CPU   CPU  Command
15:07:48        0   1740308   64.00   18.00    0.00    0.00   82.00     3  stream_pipeline

# Time        UID       PID    %usr %system  %guest   %wait    %CPU   CPU  Command
15:07:49        0   1740308   75.00   18.00    0.00    0.00   93.00     3  stream_pipeline

# Time        UID       PID    %usr %system  %guest   %wait    %CPU   CPU  Command
15:07:50        0   1740308   76.00   17.00    0.00    0.00   93.00     3  stream_pipeline

# Time        UID       PID    %usr %system  %guest   %wait    %CPU   CPU  Command
15:07:51        0   1740308   73.00   13.00    0.00    0.00   86.00     3  stream_pipeline

# Time        UID       PID    %usr %system  %guest   %wait    %CPU   CPU  Command
15:07:52        0   1740308   74.00   18.00    0.00    0.00   92.00     3  stream_pipeline

# Time        UID       PID    %usr %system  %guest   %wait    %CPU   CPU  Command
15:07:53        0   1740308   74.00   17.00    0.00    0.00   91.00     3  stream_pipeline

# Time        UID       PID    %usr %system  %guest   %wait    %CPU   CPU  Command
15:07:54        0   1740308   67.00   16.00    0.00    0.00   83.00     3  stream_pipeline

# Time        UID       PID    %usr %system  %guest   %wait    %CPU   CPU  Command
15:07:55        0   1740308   86.00   13.00    0.00    0.00   99.00     3  stream_pipeline

# Time        UID       PID    %usr %system  %guest   %wait    %CPU   CPU  Command
15:07:56        0   1740308   66.00   19.00    0.00    0.00   85.00     3  stream_pipeline

# Time        UID       PID    %usr %system  %guest   %wait    %CPU   CPU  Command
15:07:57        0   1740308   80.00   12.00    0.00    0.00   92.00     3  stream_pipeline

# Time        UID       PID    %usr %system  %guest   %wait    %CPU   CPU  Command
15:07:58        0   1740308   62.00   20.00    0.00    0.00   82.00     3  stream_pipeline

# Time        UID       PID    %usr %system  %guest   %wait    %CPU   CPU  Command
15:07:59        0   1740308   81.00   17.00    0.00    0.00   98.00     3  stream_pipeline

# Time        UID       PID    %usr %system  %guest   %wait    %CPU   CPU  Command
15:08:00        0   1740308   74.00   14.00    0.00    0.00   88.00     3  stream_pipeline

# Time        UID       PID    %usr %system  %guest   %wait    %CPU   CPU  Command
15:08:01        0   1740308   73.00   18.00    0.00    0.00   91.00     3  stream_pipeline

# Time        UID       PID    %usr %system  %guest   %wait    %CPU   CPU  Command
15:08:02        0   1740308   75.00   18.00    0.00    0.00   93.00     3  stream_pipeline

# Time        UID       PID    %usr %system  %guest   %wait    %CPU   CPU  Command
15:08:03        0   1740308   65.00   20.00    0.00    0.00   85.00     3  stream_pipeline

# Time        UID       PID    %usr %system  %guest   %wait    %CPU   CPU  Command
15:08:04        0   1740308   75.00   19.00    0.00    0.00   94.00     3  stream_pipeline

# Time        UID       PID    %usr %system  %guest   %wait    %CPU   CPU  Command
15:08:05        0   1740308   73.00   15.00    0.00    0.00   88.00     3  stream_pipeline

# Time        UID       PID    %usr %system  %guest   %wait    %CPU   CPU  Command
15:08:06        0   1740308   71.00   14.00    0.00    0.00   85.00     3  stream_pipeline

# Time        UID       PID    %usr %system  %guest   %wait    %CPU   CPU  Command
15:08:07        0   1740308   80.00   16.00    0.00    0.00   96.00     3  stream_pipeline

# Time        UID       PID    %usr %system  %guest   %wait    %CPU   CPU  Command
15:08:08        0   1740308   75.00   16.00    0.00    0.00   91.00     3  stream_pipeline

# Time        UID       PID    %usr %system  %guest   %wait    %CPU   CPU  Command
15:08:09        0   1740308   74.00   13.00    0.00    0.00   87.00     3  stream_pipeline

# Time        UID       PID    %usr %system  %guest   %wait    %CPU   CPU  Command
15:08:10        0   1740308   76.24   14.85    0.00    0.00   91.09     3  stream_pipeline

# Time        UID       PID    %usr %system  %guest   %wait    %CPU   CPU  Command
15:08:11        0   1740308   75.00   17.00    0.00    0.00   92.00     3  stream_pipeline

# Time        UID       PID    %usr %system  %guest   %wait    %CPU   CPU  Command
15:08:12        0   1740308   66.00   14.00    0.00    0.00   80.00     3  stream_pipeline

# Time        UID       PID    %usr %system  %guest   %wait    %CPU   CPU  Command
15:08:13        0   1740308   82.00   16.00    0.00    0.00   98.00     3  stream_pipeline

# Time        UID       PID    %usr %system  %guest   %wait    %CPU   CPU  Command
15:08:14        0   1740308   71.00   19.00    0.00    0.00   90.00     3  stream_pipeline

# Time        UID       PID    %usr %system  %guest   %wait    %CPU   CPU  Command
15:08:15        0   1740308   77.00   17.00    0.00    0.00   94.00     3  stream_pipeline

# Time        UID       PID    %usr %system  %guest   %wait    %CPU   CPU  Command
15:08:16        0   1740308   67.00   15.00    0.00    0.00   82.00     3  stream_pipeline

# Time        UID       PID    %usr %system  %guest   %wait    %CPU   CPU  Command
15:08:17        0   1740308   79.00   16.00    0.00    0.00   95.00     3  stream_pipeline

# Time        UID       PID    %usr %system  %guest   %wait    %CPU   CPU  Command
15:08:18        0   1740308   62.00   15.00    0.00    0.00   77.00     3  stream_pipeline

# Time        UID       PID    %usr %system  %guest   %wait    %CPU   CPU  Command
15:08:19        0   1740308   82.00   17.00    0.00    0.00   99.00     3  stream_pipeline

# Time        UID       PID    %usr %system  %guest   %wait    %CPU   CPU  Command
15:08:20        0   1740308   84.00   15.00    0.00    0.00   99.00     3  stream_pipeline

# Time        UID       PID    %usr %system  %guest   %wait    %CPU   CPU  Command
15:08:21        0   1740308   63.00   14.00    0.00    0.00   77.00     3  stream_pipeline

# Time        UID       PID    %usr %system  %guest   %wait    %CPU   CPU  Command
15:08:22        0   1740308   83.00   15.00    0.00    0.00   98.00     3  stream_pipeline

# Time        UID       PID    %usr %system  %guest   %wait    %CPU   CPU  Command
15:08:23        0   1740308   71.00   15.00    0.00    0.00   86.00     3  stream_pipeline

# Time        UID       PID    %usr %system  %guest   %wait    %CPU   CPU  Command
15:08:24        0   1740308   71.00   16.00    0.00    0.00   87.00     3  stream_pipeline

# Time        UID       PID    %usr %system  %guest   %wait    %CPU   CPU  Command
15:08:25        0   1740308   83.00   14.00    0.00    0.00   97.00     3  stream_pipeline

# Time        UID       PID    %usr %system  %guest   %wait    %CPU   CPU  Command
15:08:26        0   1740308   75.00   17.00    0.00    0.00   92.00     3  stream_pipeline

# Time        UID       PID    %usr %system  %guest   %wait    %CPU   CPU  Command
15:08:27        0   1740308   67.00   16.00    0.00    0.00   83.00     3  stream_pipeline

# Time        UID       PID    %usr %system  %guest   %wait    %CPU   CPU  Command
15:08:28        0   1740308   84.00   16.00    0.00    0.00  100.00     3  stream_pipeline

# Time        UID       PID    %usr %system  %guest   %wait    %CPU   CPU  Command
15:08:29        0   1740308   68.00   15.00    0.00    0.00   83.00     3  stream_pipeline

# Time        UID       PID    %usr %system  %guest   %wait    %CPU   CPU  Command
15:08:30        0   1740308   69.00   15.00    0.00    0.00   84.00     3  stream_pipeline

# Time        UID       PID    %usr %system  %guest   %wait    %CPU   CPU  Command
15:08:31        0   1740308   77.00   19.00    0.00    0.00   96.00     3  stream_pipeline

# Time        UID       PID    %usr %system  %guest   %wait    %CPU   CPU  Command
15:08:32        0   1740308   66.00   22.00    0.00    0.00   88.00     3  stream_pipeline

# Time        UID       PID    %usr %system  %guest   %wait    %CPU   CPU  Command
15:08:33        0   1740308   71.00   15.00    0.00    0.00   86.00     3  stream_pipeline

# Time        UID       PID    %usr %system  %guest   %wait    %CPU   CPU  Command
15:08:34        0   1740308   80.20   15.84    0.00    0.00   96.04     3  stream_pipeline

# Time        UID       PID    %usr %system  %guest   %wait    %CPU   CPU  Command
15:08:35        0   1740308   77.00   16.00    0.00    0.00   93.00     3  stream_pipeline

# Time        UID       PID    %usr %system  %guest   %wait    %CPU   CPU  Command
15:08:36        0   1740308   68.00   14.00    0.00    0.00   82.00     3  stream_pipeline

# Time        UID       PID    %usr %system  %guest   %wait    %CPU   CPU  Command
15:08:37        0   1740308   75.00   19.00    0.00    0.00   94.00     3  stream_pipeline

# Time        UID       PID    %usr %system  %guest   %wait    %CPU   CPU  Command
15:08:38        0   1740308   75.00   17.00    0.00    0.00   92.00     3  stream_pipeline

# Time        UID       PID    %usr %system  %guest   %wait    %CPU   CPU  Command
15:08:39        0   1740308   74.00   11.00    0.00    0.00   85.00     3  stream_pipeline

# Time        UID       PID    %usr %system  %guest   %wait    %CPU   CPU  Command
15:08:40        0   1740308   83.00   14.00    0.00    0.00   97.00     3  stream_pipeline

# Time        UID       PID    %usr %system  %guest   %wait    %CPU   CPU  Command
15:08:41        0   1740308   71.00   15.00    0.00    0.00   86.00     3  stream_pipeline

# Time        UID       PID    %usr %system  %guest   %wait    %CPU   CPU  Command
15:08:42        0   1740308   75.00   14.00    0.00    0.00   89.00     3  stream_pipeline

# Time        UID       PID    %usr %system  %guest   %wait    %CPU   CPU  Command
15:08:43        0   1740308   75.00   17.00    0.00    0.00   92.00     3  stream_pipeline

# Time        UID       PID    %usr %system  %guest   %wait    %CPU   CPU  Command
15:08:44        0   1740308   70.00   20.00    0.00    0.00   90.00     3  stream_pipeline

# Time        UID       PID    %usr %system  %guest   %wait    %CPU   CPU  Command
15:08:45        0   1740308   71.00   16.00    0.00    0.00   87.00     3  stream_pipeline

# Time        UID       PID    %usr %system  %guest   %wait    %CPU   CPU  Command
15:08:46        0   1740308   75.00   18.00    0.00    0.00   93.00     3  stream_pipeline

# Time        UID       PID    %usr %system  %guest   %wait    %CPU   CPU  Command
15:08:47        0   1740308   78.00   16.00    0.00    0.00   94.00     3  stream_pipeline

# Time        UID       PID    %usr %system  %guest   %wait    %CPU   CPU  Command
15:08:48        0   1740308   70.00   13.00    0.00    0.00   83.00     3  stream_pipeline

# Time        UID       PID    %usr %system  %guest   %wait    %CPU   CPU  Command
15:08:49        0   1740308   76.00   20.00    0.00    0.00   96.00     3  stream_pipeline

# Time        UID       PID    %usr %system  %guest   %wait    %CPU   CPU  Command
15:08:50        0   1740308   70.00   20.00    0.00    0.00   90.00     3  stream_pipeline

# Time        UID       PID    %usr %system  %guest   %wait    %CPU   CPU  Command
15:08:51        0   1740308   73.00   15.00    0.00    0.00   88.00     3  stream_pipeline

# Time        UID       PID    %usr %system  %guest   %wait    %CPU   CPU  Command
15:08:52        0   1740308   74.00   18.00    0.00    0.00   92.00     3  stream_pipeline

# Time        UID       PID    %usr %system  %guest   %wait    %CPU   CPU  Command
15:08:53        0   1740308   69.00   18.00    0.00    0.00   87.00     3  stream_pipeline

# Time        UID       PID    %usr %system  %guest   %wait    %CPU   CPU  Command
15:08:54        0   1740308   78.00   12.00    0.00    0.00   90.00     3  stream_pipeline

# Time        UID       PID    %usr %system  %guest   %wait    %CPU   CPU  Command
15:08:55        0   1740308   81.00   18.00    0.00    0.00   99.00     3  stream_pipeline

# Time        UID       PID    %usr %system  %guest   %wait    %CPU   CPU  Command
15:08:56        0   1740308   73.00   21.00    0.00    0.00   94.00     3  stream_pipeline

# Time        UID       PID    %usr %system  %guest   %wait    %CPU   CPU  Command
15:08:57        0   1740308   72.00   14.00    0.00    0.00   86.00     3  stream_pipeline

# Time        UID       PID    %usr %system  %guest   %wait    %CPU   CPU  Command
15:08:58        0   1740308   74.00   16.00    0.00    0.00   90.00     3  stream_pipeline

# Time        UID       PID    %usr %system  %guest   %wait    %CPU   CPU  Command
15:08:59        0   1740308   78.00   15.00    0.00    0.00   93.00     3  stream_pipeline

# Time        UID       PID    %usr %system  %guest   %wait    %CPU   CPU  Command
15:09:00        0   1740308   72.00   14.00    0.00    0.00   86.00     3  stream_pipeline

# Time        UID       PID    %usr %system  %guest   %wait    %CPU   CPU  Command
15:09:01        0   1740308   72.00   18.00    0.00    0.00   90.00     3  stream_pipeline

# Time        UID       PID    %usr %system  %guest   %wait    %CPU   CPU  Command
15:09:02        0   1740308   74.00   19.00    0.00    0.00   93.00     3  stream_pipeline

# Time        UID       PID    %usr %system  %guest   %wait    %CPU   CPU  Command
15:09:03        0   1740308   77.00   15.00    0.00    0.00   92.00     3  stream_pipeline

# Time        UID       PID    %usr %system  %guest   %wait    %CPU   CPU  Command
15:09:04        0   1740308   75.00   13.00    0.00    0.00   88.00     3  stream_pipeline

# Time        UID       PID    %usr %system  %guest   %wait    %CPU   CPU  Command
15:09:05        0   1740308   74.00   15.00    0.00    0.00   89.00     3  stream_pipeline

# Time        UID       PID    %usr %system  %guest   %wait    %CPU   CPU  Command
15:09:06        0   1740308   71.00   14.00    0.00    0.00   85.00     3  stream_pipeline

# Time        UID       PID    %usr %system  %guest   %wait    %CPU   CPU  Command
15:09:07        0   1740308   77.00   20.00    0.00    0.00   97.00     3  stream_pipeline

# Time        UID       PID    %usr %system  %guest   %wait    %CPU   CPU  Command
15:09:08        0   1740308   67.00   22.00    0.00    0.00   89.00     3  stream_pipeline

# Time        UID       PID    %usr %system  %guest   %wait    %CPU   CPU  Command
15:09:09        0   1740308   79.00   12.00    0.00    0.00   91.00     3  stream_pipeline

# Time        UID       PID    %usr %system  %guest   %wait    %CPU   CPU  Command
15:09:10        0   1740308   72.00   22.00    0.00    0.00   94.00     3  stream_pipeline

# Time        UID       PID    %usr %system  %guest   %wait    %CPU   CPU  Command
15:09:11        0   1740308   66.00   17.00    0.00    0.00   83.00     3  stream_pipeline

# Time        UID       PID    %usr %system  %guest   %wait    %CPU   CPU  Command
15:09:12        0   1740308   77.00   15.00    0.00    0.00   92.00     3  stream_pipeline

# Time        UID       PID    %usr %system  %guest   %wait    %CPU   CPU  Command
15:09:13        0   1740308   75.00   15.00    0.00    0.00   90.00     3  stream_pipeline

# Time        UID       PID    %usr %system  %guest   %wait    %CPU   CPU  Command
15:09:14        0   1740308   73.00   22.00    0.00    0.00   95.00     3  stream_pipeline

# Time        UID       PID    %usr %system  %guest   %wait    %CPU   CPU  Command
15:09:15        0   1740308   68.00   12.00    0.00    0.00   80.00     3  stream_pipeline

# Time        UID       PID    %usr %system  %guest   %wait    %CPU   CPU  Command
15:09:16        0   1740308   78.00   16.00    0.00    0.00   94.00     3  stream_pipeline

# Time        UID       PID    %usr %system  %guest   %wait    %CPU   CPU  Command
15:09:17        0   1740308   75.00   20.00    0.00    0.00   95.00     3  stream_pipeline

# Time        UID       PID    %usr %system  %guest   %wait    %CPU   CPU  Command
15:09:18        0   1740308   68.00   17.00    0.00    0.00   85.00     3  stream_pipeline

# Time        UID       PID    %usr %system  %guest   %wait    %CPU   CPU  Command
15:09:19        0   1740308   71.00   17.00    0.00    0.00   88.00     3  stream_pipeline

# Time        UID       PID    %usr %system  %guest   %wait    %CPU   CPU  Command
15:09:20        0   1740308   82.00   18.00    0.00    0.00  100.00     3  stream_pipeline

# Time        UID       PID    %usr %system  %guest   %wait    %CPU   CPU  Command
15:09:21        0   1740308   66.00   15.00    0.00    0.00   81.00     3  stream_pipeline

# Time        UID       PID    %usr %system  %guest   %wait    %CPU   CPU  Command
15:09:22        0   1740308   75.00   19.00    0.00    0.00   94.00     3  stream_pipeline

# Time        UID       PID    %usr %system  %guest   %wait    %CPU   CPU  Command
15:09:23        0   1740308   70.00   15.00    0.00    0.00   85.00     3  stream_pipeline

# Time        UID       PID    %usr %system  %guest   %wait    %CPU   CPU  Command
15:09:24        0   1740308   77.00   13.00    0.00    0.00   90.00     3  stream_pipeline

# Time        UID       PID    %usr %system  %guest   %wait    %CPU   CPU  Command
15:09:25        0   1740308   68.00   20.00    0.00    0.00   88.00     3  stream_pipeline

# Time        UID       PID    %usr %system  %guest   %wait    %CPU   CPU  Command
15:09:26        0   1740308   79.00   15.00    0.00    0.00   94.00     3  stream_pipeline

# Time        UID       PID    %usr %system  %guest   %wait    %CPU   CPU  Command
15:09:27        0   1740308   70.00   16.00    0.00    0.00   86.00     3  stream_pipeline

# Time        UID       PID    %usr %system  %guest   %wait    %CPU   CPU  Command
15:09:28        0   1740308   70.00   18.00    0.00    0.00   88.00     3  stream_pipeline

# Time        UID       PID    %usr %system  %guest   %wait    %CPU   CPU  Command
15:09:29        0   1740308   86.00   14.00    0.00    0.00  100.00     3  stream_pipeline

# Time        UID       PID    %usr %system  %guest   %wait    %CPU   CPU  Command
15:09:30        0   1740308   66.00   13.00    0.00    0.00   79.00     3  stream_pipeline

# Time        UID       PID    %usr %system  %guest   %wait    %CPU   CPU  Command
15:09:31        0   1740308   84.00   12.00    0.00    0.00   96.00     3  stream_pipeline

# Time        UID       PID    %usr %system  %guest   %wait    %CPU   CPU  Command
15:09:32        0   1740308   71.00   18.00    0.00    0.00   89.00     3  stream_pipeline

# Time        UID       PID    %usr %system  %guest   %wait    %CPU   CPU  Command
15:09:33        0   1740308   72.00   15.00    0.00    0.00   87.00     3  stream_pipeline

# Time        UID       PID    %usr %system  %guest   %wait    %CPU   CPU  Command
15:09:34        0   1740308   73.00   18.00    0.00    0.00   91.00     3  stream_pipeline

# Time        UID       PID    %usr %system  %guest   %wait    %CPU   CPU  Command
15:09:35        0   1740308   73.00   14.00    0.00    0.00   87.00     3  stream_pipeline

# Time        UID       PID    %usr %system  %guest   %wait    %CPU   CPU  Command
15:09:36        0   1740308   71.00   15.00    0.00    0.00   86.00     3  stream_pipeline

# Time        UID       PID    %usr %system  %guest   %wait    %CPU   CPU  Command
15:09:37        0   1740308   76.00   16.00    0.00    0.00   92.00     3  stream_pipeline

# Time        UID       PID    %usr %system  %guest   %wait    %CPU   CPU  Command
15:09:38        0   1740308   81.00   19.00    0.00    0.00  100.00     3  stream_pipeline

# Time        UID       PID    %usr %system  %guest   %wait    %CPU   CPU  Command
15:09:39        0   1740308   70.00   14.00    0.00    0.00   84.00     3  stream_pipeline

# Time        UID       PID    %usr %system  %guest   %wait    %CPU   CPU  Command
15:09:40        0   1740308   70.00   14.00    0.00    0.00   84.00     3  stream_pipeline

# Time        UID       PID    %usr %system  %guest   %wait    %CPU   CPU  Command
15:09:41        0   1740308   82.00   18.00    0.00    0.00  100.00     3  stream_pipeline

# Time        UID       PID    %usr %system  %guest   %wait    %CPU   CPU  Command
15:09:42        0   1740308   59.00   18.00    0.00    0.00   77.00     3  stream_pipeline

# Time        UID       PID    %usr %system  %guest   %wait    %CPU   CPU  Command
15:09:43        0   1740308   87.00   17.00    0.00    0.00  104.00     3  stream_pipeline

# Time        UID       PID    %usr %system  %guest   %wait    %CPU   CPU  Command
15:09:44        0   1740308   69.00   15.00    0.00    0.00   84.00     3  stream_pipeline

# Time        UID       PID    %usr %system  %guest   %wait    %CPU   CPU  Command
15:09:45        0   1740308   71.00   19.00    0.00    0.00   90.00     3  stream_pipeline

# Time        UID       PID    %usr %system  %guest   %wait    %CPU   CPU  Command
15:09:46        0   1740308   66.00   16.00    0.00    0.00   82.00     3  stream_pipeline

# Time        UID       PID    %usr %system  %guest   %wait    %CPU   CPU  Command
15:09:47        0   1740308   86.00   15.00    0.00    0.00  101.00     3  stream_pipeline

# Time        UID       PID    %usr %system  %guest   %wait    %CPU   CPU  Command
15:09:48        0   1740308   69.00   15.00    0.00    0.00   84.00     3  stream_pipeline

# Time        UID       PID    %usr %system  %guest   %wait    %CPU   CPU  Command
15:09:49        0   1740308   71.00   19.00    0.00    0.00   90.00     3  stream_pipeline

# Time        UID       PID    %usr %system  %guest   %wait    %CPU   CPU  Command
15:09:50        0   1740308   74.00   15.00    0.00    0.00   89.00     3  stream_pipeline

# Time        UID       PID    %usr %system  %guest   %wait    %CPU   CPU  Command
15:09:51        0   1740308   74.00   16.00    0.00    0.00   90.00     3  stream_pipeline

# Time        UID       PID    %usr %system  %guest   %wait    %CPU   CPU  Command
15:09:52        0   1740308   79.00   19.00    0.00    0.00   98.00     3  stream_pipeline

# Time        UID       PID    %usr %system  %guest   %wait    %CPU   CPU  Command
15:09:53        0   1740308   67.00   17.00    0.00    0.00   84.00     3  stream_pipeline

# Time        UID       PID    %usr %system  %guest   %wait    %CPU   CPU  Command
15:09:54        0   1740308   74.00   17.00    0.00    0.00   91.00     3  stream_pipeline

# Time        UID       PID    %usr %system  %guest   %wait    %CPU   CPU  Command
15:09:55        0   1740308   67.00   19.00    0.00    0.00   86.00     3  stream_pipeline

# Time        UID       PID    %usr %system  %guest   %wait    %CPU   CPU  Command
15:09:56        0   1740308   82.00   17.00    0.00    0.00   99.00     3  stream_pipeline

# Time        UID       PID    %usr %system  %guest   %wait    %CPU   CPU  Command
15:09:57        0   1740308   73.00   14.00    0.00    0.00   87.00     3  stream_pipeline

# Time        UID       PID    %usr %system  %guest   %wait    %CPU   CPU  Command
15:09:58        0   1740308   68.00   20.00    0.00    0.00   88.00     3  stream_pipeline

# Time        UID       PID    %usr %system  %guest   %wait    %CPU   CPU  Command
15:09:59        0   1740308   72.00   17.00    0.00    0.00   89.00     3  stream_pipeline

# Time        UID       PID    %usr %system  %guest   %wait    %CPU   CPU  Command
15:10:00        0   1740308   69.00   15.00    0.00    0.00   84.00     3  stream_pipeline

# Time        UID       PID    %usr %system  %guest   %wait    %CPU   CPU  Command
15:10:01        0   1740308   75.00   18.00    0.00    0.00   93.00     3  stream_pipeline

# Time        UID       PID    %usr %system  %guest   %wait    %CPU   CPU  Command
15:10:02        0   1740308   74.00   18.00    0.00    0.00   92.00     3  stream_pipeline

# Time        UID       PID    %usr %system  %guest   %wait    %CPU   CPU  Command
15:10:03        0   1740308   73.00   17.00    0.00    0.00   90.00     3  stream_pipeline

# Time        UID       PID    %usr %system  %guest   %wait    %CPU   CPU  Command
15:10:04        0   1740308   80.00   17.00    0.00    0.00   97.00     3  stream_pipeline

# Time        UID       PID    %usr %system  %guest   %wait    %CPU   CPU  Command
15:10:05        0   1740308   66.00   18.00    0.00    0.00   84.00     3  stream_pipeline

# Time        UID       PID    %usr %system  %guest   %wait    %CPU   CPU  Command
15:10:06        0   1740308   73.00   14.00    0.00    0.00   87.00     3  stream_pipeline

# Time        UID       PID    %usr %system  %guest   %wait    %CPU   CPU  Command
15:10:07        0   1740308   71.00   19.00    0.00    0.00   90.00     3  stream_pipeline

# Time        UID       PID    %usr %system  %guest   %wait    %CPU   CPU  Command
15:10:08        0   1740308   74.00   20.00    0.00    0.00   94.00     3  stream_pipeline

# Time        UID       PID    %usr %system  %guest   %wait    %CPU   CPU  Command
15:10:09        0   1740308   71.00   18.00    0.00    0.00   89.00     3  stream_pipeline

# Time        UID       PID    %usr %system  %guest   %wait    %CPU   CPU  Command
15:10:10        0   1740308   73.00   18.00    0.00    0.00   91.00     3  stream_pipeline

# Time        UID       PID    %usr %system  %guest   %wait    %CPU   CPU  Command
15:10:11        0   1740308   75.00   17.00    0.00    0.00   92.00     3  stream_pipeline

# Time        UID       PID    %usr %system  %guest   %wait    %CPU   CPU  Command
15:10:12        0   1740308   74.00   13.00    0.00    0.00   87.00     3  stream_pipeline

# Time        UID       PID    %usr %system  %guest   %wait    %CPU   CPU  Command
15:10:13        0   1740308   73.00   17.00    0.00    0.00   90.00     3  stream_pipeline

# Time        UID       PID    %usr %system  %guest   %wait    %CPU   CPU  Command
15:10:14        0   1740308   75.00   20.00    0.00    0.00   95.00     3  stream_pipeline

# Time        UID       PID    %usr %system  %guest   %wait    %CPU   CPU  Command
15:10:15        0   1740308   76.00   13.00    0.00    0.00   89.00     3  stream_pipeline

# Time        UID       PID    %usr %system  %guest   %wait    %CPU   CPU  Command
15:10:16        0   1740308   63.37   15.84    0.00    0.00   79.21     3  stream_pipeline

# Time        UID       PID    %usr %system  %guest   %wait    %CPU   CPU  Command
15:10:17        0   1740308   87.00   14.00    0.00    0.00  101.00     3  stream_pipeline

# Time        UID       PID    %usr %system  %guest   %wait    %CPU   CPU  Command
15:10:18        0   1740308   65.00   14.00    0.00    0.00   79.00     3  stream_pipeline

# Time        UID       PID    %usr %system  %guest   %wait    %CPU   CPU  Command
15:10:19        0   1740308   79.00   19.00    0.00    0.00   98.00     3  stream_pipeline

# Time        UID       PID    %usr %system  %guest   %wait    %CPU   CPU  Command
15:10:20        0   1740308   80.00   17.00    0.00    0.00   97.00     3  stream_pipeline

# Time        UID       PID    %usr %system  %guest   %wait    %CPU   CPU  Command
15:10:21        0   1740308   67.00   15.00    0.00    0.00   82.00     3  stream_pipeline

# Time        UID       PID    %usr %system  %guest   %wait    %CPU   CPU  Command
15:10:22        0   1740308   75.00   15.00    0.00    0.00   90.00     3  stream_pipeline

# Time        UID       PID    %usr %system  %guest   %wait    %CPU   CPU  Command
15:10:23        0   1740308   79.00   18.00    0.00    0.00   97.00     3  stream_pipeline

# Time        UID       PID    %usr %system  %guest   %wait    %CPU   CPU  Command
15:10:24        0   1740308   63.00   12.00    0.00    0.00   75.00     3  stream_pipeline

# Time        UID       PID    %usr %system  %guest   %wait    %CPU   CPU  Command
15:10:25        0   1740308   83.00   15.00    0.00    0.00   98.00     3  stream_pipeline

# Time        UID       PID    %usr %system  %guest   %wait    %CPU   CPU  Command
15:10:26        0   1740308   81.00   15.00    0.00    0.00   96.00     3  stream_pipeline

# Time        UID       PID    %usr %system  %guest   %wait    %CPU   CPU  Command
15:10:27        0   1740308   66.00   18.00    0.00    0.00   84.00     3  stream_pipeline

# Time        UID       PID    %usr %system  %guest   %wait    %CPU   CPU  Command
15:10:28        0   1740308   69.00   16.00    0.00    0.00   85.00     3  stream_pipeline

# Time        UID       PID    %usr %system  %guest   %wait    %CPU   CPU  Command
15:10:29        0   1740308   77.00   13.00    0.00    0.00   90.00     3  stream_pipeline

# Time        UID       PID    %usr %system  %guest   %wait    %CPU   CPU  Command
15:10:30        0   1740308   81.00   15.00    0.00    0.00   96.00     3  stream_pipeline

# Time        UID       PID    %usr %system  %guest   %wait    %CPU   CPU  Command
15:10:31        0   1740308   66.00   14.00    0.00    0.00   80.00     3  stream_pipeline

# Time        UID       PID    %usr %system  %guest   %wait    %CPU   CPU  Command
15:10:32        0   1740308   82.00   21.00    0.00    0.00  103.00     3  stream_pipeline

# Time        UID       PID    %usr %system  %guest   %wait    %CPU   CPU  Command
15:10:33        0   1740308   66.00   15.00    0.00    0.00   81.00     3  stream_pipeline

# Time        UID       PID    %usr %system  %guest   %wait    %CPU   CPU  Command
15:10:34        0   1740308   73.00   17.00    0.00    0.00   90.00     3  stream_pipeline

# Time        UID       PID    %usr %system  %guest   %wait    %CPU   CPU  Command
15:10:35        0   1740308   77.00   11.00    0.00    0.00   88.00     3  stream_pipeline

# Time        UID       PID    %usr %system  %guest   %wait    %CPU   CPU  Command
15:10:36        0   1740308   71.00   16.00    0.00    0.00   87.00     3  stream_pipeline

# Time        UID       PID    %usr %system  %guest   %wait    %CPU   CPU  Command
15:10:37        0   1740308   72.00   18.00    0.00    0.00   90.00     3  stream_pipeline

# Time        UID       PID    %usr %system  %guest   %wait    %CPU   CPU  Command
15:10:38        0   1740308   80.00   17.00    0.00    0.00   97.00     3  stream_pipeline

# Time        UID       PID    %usr %system  %guest   %wait    %CPU   CPU  Command
15:10:39        0   1740308   62.00   18.00    0.00    0.00   80.00     3  stream_pipeline

# Time        UID       PID    %usr %system  %guest   %wait    %CPU   CPU  Command
15:10:40        0   1740308   80.00   16.00    0.00    0.00   96.00     3  stream_pipeline

# Time        UID       PID    %usr %system  %guest   %wait    %CPU   CPU  Command
15:10:41        0   1740308   67.00   16.00    0.00    0.00   83.00     3  stream_pipeline

# Time        UID       PID    %usr %system  %guest   %wait    %CPU   CPU  Command
15:10:42        0   1740308   74.00   13.00    0.00    0.00   87.00     3  stream_pipeline

# Time        UID       PID    %usr %system  %guest   %wait    %CPU   CPU  Command
15:10:43        0   1740308   72.00   16.00    0.00    0.00   88.00     3  stream_pipeline

# Time        UID       PID    %usr %system  %guest   %wait    %CPU   CPU  Command
15:10:44        0   1740308   68.00   15.00    0.00    0.00   83.00     3  stream_pipeline

# Time        UID       PID    %usr %system  %guest   %wait    %CPU   CPU  Command

# Time        UID       PID    %usr %system  %guest   %wait    %CPU   CPU  Command
